108.162.219.103 - - [11/Oct/2017:13:06:11 -0400] "GET /outcomes/20171006 HTTP/1.1" 200 665 "https://elostat.com/outcomes" "Mozilla/5.0 (Macintosh; Intel Mac OS X 10_13_0) AppleWebKit/537.36 (KHTML, like Gecko) Chrome/61.0.3163.100 Safari/537.36"
162.158.62.240 - - [11/Oct/2017:13:06:11 -0400] "GET /static/elostat.png HTTP/1.1" 404 209 "https://elostat.com/outcomes/20171006" "Mozilla/5.0 (Macintosh; Intel Mac OS X 10_13_0) AppleWebKit/537.36 (KHTML, like Gecko) Chrome/61.0.3163.100 Safari/537.36"
162.158.62.102 - - [11/Oct/2017:13:06:11 -0400] "GET /baseball.png HTTP/1.1" 404 111 "https://elostat.com/outcomes/20171006" "Mozilla/5.0 (Macintosh; Intel Mac OS X 10_13_0) AppleWebKit/537.36 (KHTML, like Gecko) Chrome/61.0.3163.100 Safari/537.36"
162.158.62.102 - - [11/Oct/2017:13:06:12 -0400] "GET /baseball.png HTTP/1.1" 404 111 "https://elostat.com/outcomes/20171006" "Mozilla/5.0 (Macintosh; Intel Mac OS X 10_13_0) AppleWebKit/537.36 (KHTML, like Gecko) Chrome/61.0.3163.100 Safari/537.36"
108.162.219.103 - - [11/Oct/2017:13:06:14 -0400] "GET /outcomes/20171006 HTTP/1.1" 200 665 "https://elostat.com/outcomes" "Mozilla/5.0 (Macintosh; Intel Mac OS X 10_13_0) AppleWebKit/537.36 (KHTML, like Gecko) Chrome/61.0.3163.100 Safari/537.36"
162.158.62.240 - - [11/Oct/2017:13:06:14 -0400] "GET /static/elostat.png HTTP/1.1" 404 209 "https://elostat.com/outcomes/20171006" "Mozilla/5.0 (Macintosh; Intel Mac OS X 10_13_0) AppleWebKit/537.36 (KHTML, like Gecko) Chrome/61.0.3163.100 Safari/537.36"
162.158.62.102 - - [11/Oct/2017:13:06:14 -0400] "GET /baseball.png HTTP/1.1" 404 111 "https://elostat.com/outcomes/20171006" "Mozilla/5.0 (Macintosh; Intel Mac OS X 10_13_0) AppleWebKit/537.36 (KHTML, like Gecko) Chrome/61.0.3163.100 Safari/537.36"
162.158.62.102 - - [11/Oct/2017:13:06:14 -0400] "GET /baseball.png HTTP/1.1" 404 111 "https://elostat.com/outcomes/20171006" "Mozilla/5.0 (Macintosh; Intel Mac OS X 10_13_0) AppleWebKit/537.36 (KHTML, like Gecko) Chrome/61.0.3163.100 Safari/537.36"
108.162.219.103 - - [11/Oct/2017:13:07:01 -0400] "GET /outcomes/20171006 HTTP/1.1" 200 665 "https://elostat.com/outcomes" "Mozilla/5.0 (Macintosh; Intel Mac OS X 10_13_0) AppleWebKit/537.36 (KHTML, like Gecko) Chrome/61.0.3163.100 Safari/537.36"
162.158.62.240 - - [11/Oct/2017:13:07:01 -0400] "GET /static/elostat.png HTTP/1.1" 404 209 "https://elostat.com/outcomes/20171006" "Mozilla/5.0 (Macintosh; Intel Mac OS X 10_13_0) AppleWebKit/537.36 (KHTML, like Gecko) Chrome/61.0.3163.100 Safari/537.36"
162.158.62.102 - - [11/Oct/2017:13:07:02 -0400] "GET /baseball.png HTTP/1.1" 404 111 "https://elostat.com/outcomes/20171006" "Mozilla/5.0 (Macintosh; Intel Mac OS X 10_13_0) AppleWebKit/537.36 (KHTML, like Gecko) Chrome/61.0.3163.100 Safari/537.36"
108.162.219.103 - - [11/Oct/2017:13:09:50 -0400] "GET /outcomes/20171006 HTTP/1.1" 200 665 "https://elostat.com/outcomes" "Mozilla/5.0 (Macintosh; Intel Mac OS X 10_13_0) AppleWebKit/537.36 (KHTML, like Gecko) Chrome/61.0.3163.100 Safari/537.36"
162.158.62.240 - - [11/Oct/2017:13:09:50 -0400] "GET /static/elostat.png HTTP/1.1" 404 209 "https://elostat.com/outcomes/20171006" "Mozilla/5.0 (Macintosh; Intel Mac OS X 10_13_0) AppleWebKit/537.36 (KHTML, like Gecko) Chrome/61.0.3163.100 Safari/537.36"
162.158.62.102 - - [11/Oct/2017:13:09:50 -0400] "GET /baseball.png HTTP/1.1" 404 111 "https://elostat.com/outcomes/20171006" "Mozilla/5.0 (Macintosh; Intel Mac OS X 10_13_0) AppleWebKit/537.36 (KHTML, like Gecko) Chrome/61.0.3163.100 Safari/537.36"
162.158.62.102 - - [11/Oct/2017:13:09:51 -0400] "GET /baseball.png HTTP/1.1" 404 111 "https://elostat.com/outcomes/20171006" "Mozilla/5.0 (Macintosh; Intel Mac OS X 10_13_0) AppleWebKit/537.36 (KHTML, like Gecko) Chrome/61.0.3163.100 Safari/537.36"
108.162.219.103 - - [11/Oct/2017:13:11:54 -0400] "GET /outcomes/20171006 HTTP/1.1" 200 665 "https://elostat.com/outcomes" "Mozilla/5.0 (Macintosh; Intel Mac OS X 10_13_0) AppleWebKit/537.36 (KHTML, like Gecko) Chrome/61.0.3163.100 Safari/537.36"
162.158.62.240 - - [11/Oct/2017:13:11:54 -0400] "GET /static/elostat.png HTTP/1.1" 404 209 "https://elostat.com/outcomes/20171006" "Mozilla/5.0 (Macintosh; Intel Mac OS X 10_13_0) AppleWebKit/537.36 (KHTML, like Gecko) Chrome/61.0.3163.100 Safari/537.36"
162.158.62.102 - - [11/Oct/2017:13:11:54 -0400] "GET /baseball.png HTTP/1.1" 404 111 "https://elostat.com/outcomes/20171006" "Mozilla/5.0 (Macintosh; Intel Mac OS X 10_13_0) AppleWebKit/537.36 (KHTML, like Gecko) Chrome/61.0.3163.100 Safari/537.36"
162.158.62.102 - - [11/Oct/2017:13:11:54 -0400] "GET /baseball.png HTTP/1.1" 404 111 "https://elostat.com/outcomes/20171006" "Mozilla/5.0 (Macintosh; Intel Mac OS X 10_13_0) AppleWebKit/537.36 (KHTML, like Gecko) Chrome/61.0.3163.100 Safari/537.36"
108.162.219.103 - - [11/Oct/2017:13:15:55 -0400] "GET /outcomes/20171006 HTTP/1.1" 200 665 "https://elostat.com/outcomes" "Mozilla/5.0 (Macintosh; Intel Mac OS X 10_13_0) AppleWebKit/537.36 (KHTML, like Gecko) Chrome/61.0.3163.100 Safari/537.36"
162.158.62.240 - - [11/Oct/2017:13:15:55 -0400] "GET /static/elostat.png HTTP/1.1" 404 209 "https://elostat.com/outcomes/20171006" "Mozilla/5.0 (Macintosh; Intel Mac OS X 10_13_0) AppleWebKit/537.36 (KHTML, like Gecko) Chrome/61.0.3163.100 Safari/537.36"
162.158.62.102 - - [11/Oct/2017:13:15:55 -0400] "GET /baseball.png HTTP/1.1" 404 111 "https://elostat.com/outcomes/20171006" "Mozilla/5.0 (Macintosh; Intel Mac OS X 10_13_0) AppleWebKit/537.36 (KHTML, like Gecko) Chrome/61.0.3163.100 Safari/537.36"
162.158.62.102 - - [11/Oct/2017:13:15:56 -0400] "GET /baseball.png HTTP/1.1" 404 111 "https://elostat.com/outcomes/20171006" "Mozilla/5.0 (Macintosh; Intel Mac OS X 10_13_0) AppleWebKit/537.36 (KHTML, like Gecko) Chrome/61.0.3163.100 Safari/537.36"
108.162.219.103 - - [11/Oct/2017:13:17:04 -0400] "GET /outcomes/20171006 HTTP/1.1" 200 665 "https://elostat.com/outcomes" "Mozilla/5.0 (Macintosh; Intel Mac OS X 10_13_0) AppleWebKit/537.36 (KHTML, like Gecko) Chrome/61.0.3163.100 Safari/537.36"
162.158.62.240 - - [11/Oct/2017:13:17:04 -0400] "GET /static/elostat.png HTTP/1.1" 404 209 "https://elostat.com/outcomes/20171006" "Mozilla/5.0 (Macintosh; Intel Mac OS X 10_13_0) AppleWebKit/537.36 (KHTML, like Gecko) Chrome/61.0.3163.100 Safari/537.36"
162.158.62.102 - - [11/Oct/2017:13:17:04 -0400] "GET /baseball.png HTTP/1.1" 404 111 "https://elostat.com/outcomes/20171006" "Mozilla/5.0 (Macintosh; Intel Mac OS X 10_13_0) AppleWebKit/537.36 (KHTML, like Gecko) Chrome/61.0.3163.100 Safari/537.36"
162.158.62.102 - - [11/Oct/2017:13:17:05 -0400] "GET /baseball.png HTTP/1.1" 404 111 "https://elostat.com/outcomes/20171006" "Mozilla/5.0 (Macintosh; Intel Mac OS X 10_13_0) AppleWebKit/537.36 (KHTML, like Gecko) Chrome/61.0.3163.100 Safari/537.36"
108.162.219.103 - - [11/Oct/2017:13:17:56 -0400] "GET /outcomes/20171006 HTTP/1.1" 200 665 "https://elostat.com/outcomes" "Mozilla/5.0 (Macintosh; Intel Mac OS X 10_13_0) AppleWebKit/537.36 (KHTML, like Gecko) Chrome/61.0.3163.100 Safari/537.36"
162.158.62.240 - - [11/Oct/2017:13:17:56 -0400] "GET /static/elostat.png HTTP/1.1" 404 209 "https://elostat.com/outcomes/20171006" "Mozilla/5.0 (Macintosh; Intel Mac OS X 10_13_0) AppleWebKit/537.36 (KHTML, like Gecko) Chrome/61.0.3163.100 Safari/537.36"
162.158.62.102 - - [11/Oct/2017:13:17:56 -0400] "GET /baseball.png HTTP/1.1" 404 111 "https://elostat.com/outcomes/20171006" "Mozilla/5.0 (Macintosh; Intel Mac OS X 10_13_0) AppleWebKit/537.36 (KHTML, like Gecko) Chrome/61.0.3163.100 Safari/537.36"
162.158.62.102 - - [11/Oct/2017:13:17:56 -0400] "GET /baseball.png HTTP/1.1" 404 111 "https://elostat.com/outcomes/20171006" "Mozilla/5.0 (Macintosh; Intel Mac OS X 10_13_0) AppleWebKit/537.36 (KHTML, like Gecko) Chrome/61.0.3163.100 Safari/537.36"
108.162.219.103 - - [11/Oct/2017:13:18:52 -0400] "GET /outcomes/20171006 HTTP/1.1" 200 665 "https://elostat.com/outcomes" "Mozilla/5.0 (Macintosh; Intel Mac OS X 10_13_0) AppleWebKit/537.36 (KHTML, like Gecko) Chrome/61.0.3163.100 Safari/537.36"
162.158.62.102 - - [11/Oct/2017:13:18:52 -0400] "GET /baseball.png HTTP/1.1" 404 111 "https://elostat.com/outcomes/20171006" "Mozilla/5.0 (Macintosh; Intel Mac OS X 10_13_0) AppleWebKit/537.36 (KHTML, like Gecko) Chrome/61.0.3163.100 Safari/537.36"
162.158.62.240 - - [11/Oct/2017:13:18:52 -0400] "GET /static/elostat.png HTTP/1.1" 200 136844 "https://elostat.com/outcomes/20171006" "Mozilla/5.0 (Macintosh; Intel Mac OS X 10_13_0) AppleWebKit/537.36 (KHTML, like Gecko) Chrome/61.0.3163.100 Safari/537.36"
162.158.62.102 - - [11/Oct/2017:13:18:52 -0400] "GET /baseball.png HTTP/1.1" 404 111 "https://elostat.com/outcomes/20171006" "Mozilla/5.0 (Macintosh; Intel Mac OS X 10_13_0) AppleWebKit/537.36 (KHTML, like Gecko) Chrome/61.0.3163.100 Safari/537.36"
108.162.219.103 - - [11/Oct/2017:13:20:17 -0400] "GET /outcomes/20171006 HTTP/1.1" 200 665 "https://elostat.com/outcomes" "Mozilla/5.0 (Macintosh; Intel Mac OS X 10_13_0) AppleWebKit/537.36 (KHTML, like Gecko) Chrome/61.0.3163.100 Safari/537.36"
162.158.62.102 - - [11/Oct/2017:13:20:17 -0400] "GET /baseball.png HTTP/1.1" 404 111 "https://elostat.com/outcomes/20171006" "Mozilla/5.0 (Macintosh; Intel Mac OS X 10_13_0) AppleWebKit/537.36 (KHTML, like Gecko) Chrome/61.0.3163.100 Safari/537.36"
162.158.62.240 - - [11/Oct/2017:13:20:17 -0400] "GET /static/elostat.png HTTP/1.1" 200 136844 "https://elostat.com/outcomes/20171006" "Mozilla/5.0 (Macintosh; Intel Mac OS X 10_13_0) AppleWebKit/537.36 (KHTML, like Gecko) Chrome/61.0.3163.100 Safari/537.36"
162.158.62.102 - - [11/Oct/2017:13:20:18 -0400] "GET /baseball.png HTTP/1.1" 404 111 "https://elostat.com/outcomes/20171006" "Mozilla/5.0 (Macintosh; Intel Mac OS X 10_13_0) AppleWebKit/537.36 (KHTML, like Gecko) Chrome/61.0.3163.100 Safari/537.36"
108.162.219.103 - - [11/Oct/2017:13:20:45 -0400] "GET /outcomes/20171006 HTTP/1.1" 200 678 "https://elostat.com/outcomes" "Mozilla/5.0 (Macintosh; Intel Mac OS X 10_13_0) AppleWebKit/537.36 (KHTML, like Gecko) Chrome/61.0.3163.100 Safari/537.36"
162.158.62.240 - - [11/Oct/2017:13:20:45 -0400] "GET /static/elostat.png HTTP/1.1" 200 136844 "https://elostat.com/outcomes/20171006" "Mozilla/5.0 (Macintosh; Intel Mac OS X 10_13_0) AppleWebKit/537.36 (KHTML, like Gecko) Chrome/61.0.3163.100 Safari/537.36"
162.158.62.102 - - [11/Oct/2017:13:20:45 -0400] "GET /baseball.png HTTP/1.1" 404 111 "https://elostat.com/outcomes/20171006" "Mozilla/5.0 (Macintosh; Intel Mac OS X 10_13_0) AppleWebKit/537.36 (KHTML, like Gecko) Chrome/61.0.3163.100 Safari/537.36"
162.158.62.102 - - [11/Oct/2017:13:20:45 -0400] "GET /baseball.png HTTP/1.1" 404 111 "https://elostat.com/outcomes/20171006" "Mozilla/5.0 (Macintosh; Intel Mac OS X 10_13_0) AppleWebKit/537.36 (KHTML, like Gecko) Chrome/61.0.3163.100 Safari/537.36"
108.162.219.103 - - [11/Oct/2017:13:20:50 -0400] "GET /outcomes HTTP/1.1" 200 695 "https://elostat.com/outcomes/20171006" "Mozilla/5.0 (Macintosh; Intel Mac OS X 10_13_0) AppleWebKit/537.36 (KHTML, like Gecko) Chrome/61.0.3163.100 Safari/537.36"
162.158.62.240 - - [11/Oct/2017:13:20:50 -0400] "GET /static/elostat.png HTTP/1.1" 200 136844 "https://elostat.com/outcomes" "Mozilla/5.0 (Macintosh; Intel Mac OS X 10_13_0) AppleWebKit/537.36 (KHTML, like Gecko) Chrome/61.0.3163.100 Safari/537.36"
108.162.219.103 - - [11/Oct/2017:13:20:52 -0400] "GET /outcomes/20171008 HTTP/1.1" 200 634 "https://elostat.com/outcomes" "Mozilla/5.0 (Macintosh; Intel Mac OS X 10_13_0) AppleWebKit/537.36 (KHTML, like Gecko) Chrome/61.0.3163.100 Safari/537.36"
162.158.62.102 - - [11/Oct/2017:13:20:52 -0400] "GET /baseball.png HTTP/1.1" 404 111 "https://elostat.com/outcomes/20171008" "Mozilla/5.0 (Macintosh; Intel Mac OS X 10_13_0) AppleWebKit/537.36 (KHTML, like Gecko) Chrome/61.0.3163.100 Safari/537.36"
162.158.62.240 - - [11/Oct/2017:13:20:52 -0400] "GET /static/elostat.png HTTP/1.1" 200 136844 "https://elostat.com/outcomes/20171008" "Mozilla/5.0 (Macintosh; Intel Mac OS X 10_13_0) AppleWebKit/537.36 (KHTML, like Gecko) Chrome/61.0.3163.100 Safari/537.36"
162.158.62.102 - - [11/Oct/2017:13:20:52 -0400] "GET /baseball.png HTTP/1.1" 404 111 "https://elostat.com/outcomes/20171008" "Mozilla/5.0 (Macintosh; Intel Mac OS X 10_13_0) AppleWebKit/537.36 (KHTML, like Gecko) Chrome/61.0.3163.100 Safari/537.36"
108.162.219.103 - - [11/Oct/2017:13:22:00 -0400] "GET /outcomes/20171008 HTTP/1.1" 200 634 "https://elostat.com/outcomes" "Mozilla/5.0 (Macintosh; Intel Mac OS X 10_13_0) AppleWebKit/537.36 (KHTML, like Gecko) Chrome/61.0.3163.100 Safari/537.36"
162.158.62.240 - - [11/Oct/2017:13:22:00 -0400] "GET /static/elostat.png HTTP/1.1" 200 136844 "https://elostat.com/outcomes/20171008" "Mozilla/5.0 (Macintosh; Intel Mac OS X 10_13_0) AppleWebKit/537.36 (KHTML, like Gecko) Chrome/61.0.3163.100 Safari/537.36"
162.158.62.102 - - [11/Oct/2017:13:22:00 -0400] "GET /baseball.png HTTP/1.1" 404 111 "https://elostat.com/outcomes/20171008" "Mozilla/5.0 (Macintosh; Intel Mac OS X 10_13_0) AppleWebKit/537.36 (KHTML, like Gecko) Chrome/61.0.3163.100 Safari/537.36"
162.158.62.102 - - [11/Oct/2017:13:22:01 -0400] "GET /baseball.png HTTP/1.1" 404 111 "https://elostat.com/outcomes/20171008" "Mozilla/5.0 (Macintosh; Intel Mac OS X 10_13_0) AppleWebKit/537.36 (KHTML, like Gecko) Chrome/61.0.3163.100 Safari/537.36"
108.162.219.103 - - [11/Oct/2017:13:22:09 -0400] "GET /outcomes/20171008 HTTP/1.1" 200 614 "https://elostat.com/outcomes" "Mozilla/5.0 (Macintosh; Intel Mac OS X 10_13_0) AppleWebKit/537.36 (KHTML, like Gecko) Chrome/61.0.3163.100 Safari/537.36"
162.158.62.240 - - [11/Oct/2017:13:22:09 -0400] "GET /static/elostat.png HTTP/1.1" 200 136844 "https://elostat.com/outcomes/20171008" "Mozilla/5.0 (Macintosh; Intel Mac OS X 10_13_0) AppleWebKit/537.36 (KHTML, like Gecko) Chrome/61.0.3163.100 Safari/537.36"
173.245.52.94 - - [11/Oct/2017:13:22:09 -0400] "GET /static/baseball.png HTTP/1.1" 200 32661 "https://elostat.com/outcomes/20171008" "Mozilla/5.0 (Macintosh; Intel Mac OS X 10_13_0) AppleWebKit/537.36 (KHTML, like Gecko) Chrome/61.0.3163.100 Safari/537.36"
108.162.219.103 - - [11/Oct/2017:13:22:16 -0400] "GET /outcomes HTTP/1.1" 200 695 "https://elostat.com/outcomes/20171008" "Mozilla/5.0 (Macintosh; Intel Mac OS X 10_13_0) AppleWebKit/537.36 (KHTML, like Gecko) Chrome/61.0.3163.100 Safari/537.36"
162.158.62.240 - - [11/Oct/2017:13:22:16 -0400] "GET /static/elostat.png HTTP/1.1" 200 136844 "https://elostat.com/outcomes" "Mozilla/5.0 (Macintosh; Intel Mac OS X 10_13_0) AppleWebKit/537.36 (KHTML, like Gecko) Chrome/61.0.3163.100 Safari/537.36"
108.162.219.103 - - [11/Oct/2017:13:23:09 -0400] "GET /outcomes HTTP/1.1" 200 686 "https://elostat.com/outcomes/20171008" "Mozilla/5.0 (Macintosh; Intel Mac OS X 10_13_0) AppleWebKit/537.36 (KHTML, like Gecko) Chrome/61.0.3163.100 Safari/537.36"
162.158.62.240 - - [11/Oct/2017:13:23:09 -0400] "GET /static/elostat.png HTTP/1.1" 200 136844 "https://elostat.com/outcomes" "Mozilla/5.0 (Macintosh; Intel Mac OS X 10_13_0) AppleWebKit/537.36 (KHTML, like Gecko) Chrome/61.0.3163.100 Safari/537.36"
108.162.219.103 - - [11/Oct/2017:13:25:58 -0400] "GET /outcomes HTTP/1.1" 500 27 "https://elostat.com/outcomes/20171008" "Mozilla/5.0 (Macintosh; Intel Mac OS X 10_13_0) AppleWebKit/537.36 (KHTML, like Gecko) Chrome/61.0.3163.100 Safari/537.36"
108.162.219.103 - - [11/Oct/2017:13:26:06 -0400] "GET /outcomes HTTP/1.1" 200 686 "https://elostat.com/outcomes/20171008" "Mozilla/5.0 (Macintosh; Intel Mac OS X 10_13_0) AppleWebKit/537.36 (KHTML, like Gecko) Chrome/61.0.3163.100 Safari/537.36"
162.158.62.240 - - [11/Oct/2017:13:26:06 -0400] "GET /static/elostat.png HTTP/1.1" 200 136844 "https://elostat.com/outcomes" "Mozilla/5.0 (Macintosh; Intel Mac OS X 10_13_0) AppleWebKit/537.36 (KHTML, like Gecko) Chrome/61.0.3163.100 Safari/537.36"
108.162.219.103 - - [11/Oct/2017:13:26:15 -0400] "GET /outcomes HTTP/1.1" 200 695 "https://elostat.com/outcomes/20171008" "Mozilla/5.0 (Macintosh; Intel Mac OS X 10_13_0) AppleWebKit/537.36 (KHTML, like Gecko) Chrome/61.0.3163.100 Safari/537.36"
162.158.62.240 - - [11/Oct/2017:13:26:15 -0400] "GET /static/elostat.png HTTP/1.1" 200 136844 "https://elostat.com/outcomes" "Mozilla/5.0 (Macintosh; Intel Mac OS X 10_13_0) AppleWebKit/537.36 (KHTML, like Gecko) Chrome/61.0.3163.100 Safari/537.36"
108.162.219.103 - - [11/Oct/2017:13:26:19 -0400] "GET /outcomes HTTP/1.1" 200 686 "https://elostat.com/outcomes/20171008" "Mozilla/5.0 (Macintosh; Intel Mac OS X 10_13_0) AppleWebKit/537.36 (KHTML, like Gecko) Chrome/61.0.3163.100 Safari/537.36"
162.158.62.240 - - [11/Oct/2017:13:26:19 -0400] "GET /static/elostat.png HTTP/1.1" 200 136844 "https://elostat.com/outcomes" "Mozilla/5.0 (Macintosh; Intel Mac OS X 10_13_0) AppleWebKit/537.36 (KHTML, like Gecko) Chrome/61.0.3163.100 Safari/537.36"
108.162.219.103 - - [11/Oct/2017:13:26:21 -0400] "GET /outcomes HTTP/1.1" 200 686 "https://elostat.com/outcomes/20171008" "Mozilla/5.0 (Macintosh; Intel Mac OS X 10_13_0) AppleWebKit/537.36 (KHTML, like Gecko) Chrome/61.0.3163.100 Safari/537.36"
162.158.62.240 - - [11/Oct/2017:13:26:21 -0400] "GET /static/elostat.png HTTP/1.1" 200 136844 "https://elostat.com/outcomes" "Mozilla/5.0 (Macintosh; Intel Mac OS X 10_13_0) AppleWebKit/537.36 (KHTML, like Gecko) Chrome/61.0.3163.100 Safari/537.36"
108.162.219.103 - - [11/Oct/2017:13:26:25 -0400] "GET /outcomes HTTP/1.1" 200 686 "https://elostat.com/outcomes/20171008" "Mozilla/5.0 (Macintosh; Intel Mac OS X 10_13_0) AppleWebKit/537.36 (KHTML, like Gecko) Chrome/61.0.3163.100 Safari/537.36"
162.158.62.240 - - [11/Oct/2017:13:26:25 -0400] "GET /static/elostat.png HTTP/1.1" 200 136844 "https://elostat.com/outcomes" "Mozilla/5.0 (Macintosh; Intel Mac OS X 10_13_0) AppleWebKit/537.36 (KHTML, like Gecko) Chrome/61.0.3163.100 Safari/537.36"
108.162.219.103 - - [11/Oct/2017:13:26:36 -0400] "GET /outcomes HTTP/1.1" 200 695 "https://elostat.com/outcomes/20171008" "Mozilla/5.0 (Macintosh; Intel Mac OS X 10_13_0) AppleWebKit/537.36 (KHTML, like Gecko) Chrome/61.0.3163.100 Safari/537.36"
162.158.62.240 - - [11/Oct/2017:13:26:36 -0400] "GET /static/elostat.png HTTP/1.1" 200 136844 "https://elostat.com/outcomes" "Mozilla/5.0 (Macintosh; Intel Mac OS X 10_13_0) AppleWebKit/537.36 (KHTML, like Gecko) Chrome/61.0.3163.100 Safari/537.36"
108.162.219.103 - - [11/Oct/2017:13:26:40 -0400] "GET /outcomes HTTP/1.1" 200 686 "https://elostat.com/outcomes/20171008" "Mozilla/5.0 (Macintosh; Intel Mac OS X 10_13_0) AppleWebKit/537.36 (KHTML, like Gecko) Chrome/61.0.3163.100 Safari/537.36"
162.158.62.240 - - [11/Oct/2017:13:26:41 -0400] "GET /static/elostat.png HTTP/1.1" 200 136844 "https://elostat.com/outcomes" "Mozilla/5.0 (Macintosh; Intel Mac OS X 10_13_0) AppleWebKit/537.36 (KHTML, like Gecko) Chrome/61.0.3163.100 Safari/537.36"
162.158.62.240 - - [11/Oct/2017:13:28:26 -0400] "GET /static/elostat.png HTTP/1.1" 200 136844 "https://elostat.com/outcomes" "Mozilla/5.0 (Macintosh; Intel Mac OS X 10_13_0) AppleWebKit/537.36 (KHTML, like Gecko) Chrome/61.0.3163.100 Safari/537.36"
108.162.219.103 - - [11/Oct/2017:13:28:28 -0400] "GET /outcomes HTTP/1.1" 200 686 "https://elostat.com/outcomes/20171008" "Mozilla/5.0 (Macintosh; Intel Mac OS X 10_13_0) AppleWebKit/537.36 (KHTML, like Gecko) Chrome/61.0.3163.100 Safari/537.36"
162.158.62.240 - - [11/Oct/2017:13:28:28 -0400] "GET /static/elostat.png HTTP/1.1" 200 136844 "https://elostat.com/outcomes" "Mozilla/5.0 (Macintosh; Intel Mac OS X 10_13_0) AppleWebKit/537.36 (KHTML, like Gecko) Chrome/61.0.3163.100 Safari/537.36"
195.142.114.138 - - [11/Oct/2017:13:28:39 -0400] "HEAD http://198.50.233.53:80/mysql/admin/ HTTP/1.1" 400 0 "-" "Mozilla/5.0 Jorgee"
195.142.114.138 - - [11/Oct/2017:13:28:39 -0400] "HEAD http://198.50.233.53:80/mysql/dbadmin/ HTTP/1.1" 400 0 "-" "Mozilla/5.0 Jorgee"
195.142.114.138 - - [11/Oct/2017:13:28:39 -0400] "HEAD http://198.50.233.53:80/mysql/sqlmanager/ HTTP/1.1" 400 0 "-" "Mozilla/5.0 Jorgee"
195.142.114.138 - - [11/Oct/2017:13:28:39 -0400] "HEAD http://198.50.233.53:80/mysql/mysqlmanager/ HTTP/1.1" 400 0 "-" "Mozilla/5.0 Jorgee"
162.158.62.240 - - [11/Oct/2017:13:28:39 -0400] "GET /static/elostat.png HTTP/1.1" 200 136844 "https://elostat.com/outcomes" "Mozilla/5.0 (Macintosh; Intel Mac OS X 10_13_0) AppleWebKit/537.36 (KHTML, like Gecko) Chrome/61.0.3163.100 Safari/537.36"
195.142.114.138 - - [11/Oct/2017:13:28:39 -0400] "HEAD http://198.50.233.53:80/phpmyadmin/ HTTP/1.1" 400 0 "-" "Mozilla/5.0 Jorgee"
195.142.114.138 - - [11/Oct/2017:13:28:39 -0400] "HEAD http://198.50.233.53:80/phpMyadmin/ HTTP/1.1" 400 0 "-" "Mozilla/5.0 Jorgee"
195.142.114.138 - - [11/Oct/2017:13:28:40 -0400] "HEAD http://198.50.233.53:80/phpMyAdmin/ HTTP/1.1" 400 0 "-" "Mozilla/5.0 Jorgee"
195.142.114.138 - - [11/Oct/2017:13:28:40 -0400] "HEAD http://198.50.233.53:80/phpmyAdmin/ HTTP/1.1" 400 0 "-" "Mozilla/5.0 Jorgee"
195.142.114.138 - - [11/Oct/2017:13:28:40 -0400] "HEAD http://198.50.233.53:80/phpmyadmin2/ HTTP/1.1" 400 0 "-" "Mozilla/5.0 Jorgee"
195.142.114.138 - - [11/Oct/2017:13:28:40 -0400] "HEAD http://198.50.233.53:80/phpmyadmin3/ HTTP/1.1" 400 0 "-" "Mozilla/5.0 Jorgee"
195.142.114.138 - - [11/Oct/2017:13:28:40 -0400] "HEAD http://198.50.233.53:80/phpmyadmin4/ HTTP/1.1" 400 0 "-" "Mozilla/5.0 Jorgee"
195.142.114.138 - - [11/Oct/2017:13:28:40 -0400] "HEAD http://198.50.233.53:80/2phpmyadmin/ HTTP/1.1" 400 0 "-" "Mozilla/5.0 Jorgee"
195.142.114.138 - - [11/Oct/2017:13:28:40 -0400] "HEAD http://198.50.233.53:80/phpmy/ HTTP/1.1" 400 0 "-" "Mozilla/5.0 Jorgee"
195.142.114.138 - - [11/Oct/2017:13:28:41 -0400] "HEAD http://198.50.233.53:80/phppma/ HTTP/1.1" 400 0 "-" "Mozilla/5.0 Jorgee"
195.142.114.138 - - [11/Oct/2017:13:28:41 -0400] "HEAD http://198.50.233.53:80/myadmin/ HTTP/1.1" 400 0 "-" "Mozilla/5.0 Jorgee"
195.142.114.138 - - [11/Oct/2017:13:28:41 -0400] "HEAD http://198.50.233.53:80/shopdb/ HTTP/1.1" 400 0 "-" "Mozilla/5.0 Jorgee"
108.162.219.103 - - [11/Oct/2017:13:28:41 -0400] "GET /outcomes/20171005 HTTP/1.1" 200 609 "https://elostat.com/outcomes" "Mozilla/5.0 (Macintosh; Intel Mac OS X 10_13_0) AppleWebKit/537.36 (KHTML, like Gecko) Chrome/61.0.3163.100 Safari/537.36"
195.142.114.138 - - [11/Oct/2017:13:28:41 -0400] "HEAD http://198.50.233.53:80/MyAdmin/ HTTP/1.1" 400 0 "-" "Mozilla/5.0 Jorgee"
173.245.52.94 - - [11/Oct/2017:13:28:41 -0400] "GET /static/baseball.png HTTP/1.1" 200 32661 "https://elostat.com/outcomes/20171005" "Mozilla/5.0 (Macintosh; Intel Mac OS X 10_13_0) AppleWebKit/537.36 (KHTML, like Gecko) Chrome/61.0.3163.100 Safari/537.36"
162.158.62.240 - - [11/Oct/2017:13:28:41 -0400] "GET /static/elostat.png HTTP/1.1" 200 136844 "https://elostat.com/outcomes/20171005" "Mozilla/5.0 (Macintosh; Intel Mac OS X 10_13_0) AppleWebKit/537.36 (KHTML, like Gecko) Chrome/61.0.3163.100 Safari/537.36"
195.142.114.138 - - [11/Oct/2017:13:28:41 -0400] "HEAD http://198.50.233.53:80/program/ HTTP/1.1" 400 0 "-" "Mozilla/5.0 Jorgee"
195.142.114.138 - - [11/Oct/2017:13:28:41 -0400] "HEAD http://198.50.233.53:80/PMA/ HTTP/1.1" 400 0 "-" "Mozilla/5.0 Jorgee"
195.142.114.138 - - [11/Oct/2017:13:28:41 -0400] "HEAD http://198.50.233.53:80/dbadmin/ HTTP/1.1" 400 0 "-" "Mozilla/5.0 Jorgee"
195.142.114.138 - - [11/Oct/2017:13:28:42 -0400] "HEAD http://198.50.233.53:80/pma/ HTTP/1.1" 400 0 "-" "Mozilla/5.0 Jorgee"
195.142.114.138 - - [11/Oct/2017:13:28:42 -0400] "HEAD http://198.50.233.53:80/db/ HTTP/1.1" 400 0 "-" "Mozilla/5.0 Jorgee"
195.142.114.138 - - [11/Oct/2017:13:28:42 -0400] "HEAD http://198.50.233.53:80/admin/ HTTP/1.1" 400 0 "-" "Mozilla/5.0 Jorgee"
195.142.114.138 - - [11/Oct/2017:13:28:42 -0400] "HEAD http://198.50.233.53:80/mysql/ HTTP/1.1" 400 0 "-" "Mozilla/5.0 Jorgee"
195.142.114.138 - - [11/Oct/2017:13:28:42 -0400] "HEAD http://198.50.233.53:80/database/ HTTP/1.1" 400 0 "-" "Mozilla/5.0 Jorgee"
195.142.114.138 - - [11/Oct/2017:13:28:42 -0400] "HEAD http://198.50.233.53:80/db/phpmyadmin/ HTTP/1.1" 400 0 "-" "Mozilla/5.0 Jorgee"
195.142.114.138 - - [11/Oct/2017:13:28:42 -0400] "HEAD http://198.50.233.53:80/db/phpMyAdmin/ HTTP/1.1" 400 0 "-" "Mozilla/5.0 Jorgee"
195.142.114.138 - - [11/Oct/2017:13:28:43 -0400] "HEAD http://198.50.233.53:80/sqlmanager/ HTTP/1.1" 400 0 "-" "Mozilla/5.0 Jorgee"
195.142.114.138 - - [11/Oct/2017:13:28:43 -0400] "HEAD http://198.50.233.53:80/mysqlmanager/ HTTP/1.1" 400 0 "-" "Mozilla/5.0 Jorgee"
195.142.114.138 - - [11/Oct/2017:13:28:43 -0400] "HEAD http://198.50.233.53:80/php-myadmin/ HTTP/1.1" 400 0 "-" "Mozilla/5.0 Jorgee"
195.142.114.138 - - [11/Oct/2017:13:28:43 -0400] "HEAD http://198.50.233.53:80/phpmy-admin/ HTTP/1.1" 400 0 "-" "Mozilla/5.0 Jorgee"
195.142.114.138 - - [11/Oct/2017:13:28:43 -0400] "HEAD http://198.50.233.53:80/mysqladmin/ HTTP/1.1" 400 0 "-" "Mozilla/5.0 Jorgee"
195.142.114.138 - - [11/Oct/2017:13:28:43 -0400] "HEAD http://198.50.233.53:80/mysql-admin/ HTTP/1.1" 400 0 "-" "Mozilla/5.0 Jorgee"
195.142.114.138 - - [11/Oct/2017:13:28:44 -0400] "HEAD http://198.50.233.53:80/admin/phpmyadmin/ HTTP/1.1" 400 0 "-" "Mozilla/5.0 Jorgee"
195.142.114.138 - - [11/Oct/2017:13:28:44 -0400] "HEAD http://198.50.233.53:80/admin/phpMyAdmin/ HTTP/1.1" 400 0 "-" "Mozilla/5.0 Jorgee"
195.142.114.138 - - [11/Oct/2017:13:28:44 -0400] "HEAD http://198.50.233.53:80/admin/sysadmin/ HTTP/1.1" 400 0 "-" "Mozilla/5.0 Jorgee"
195.142.114.138 - - [11/Oct/2017:13:28:44 -0400] "HEAD http://198.50.233.53:80/admin/sqladmin/ HTTP/1.1" 400 0 "-" "Mozilla/5.0 Jorgee"
195.142.114.138 - - [11/Oct/2017:13:28:44 -0400] "HEAD http://198.50.233.53:80/admin/db/ HTTP/1.1" 400 0 "-" "Mozilla/5.0 Jorgee"
195.142.114.138 - - [11/Oct/2017:13:28:44 -0400] "HEAD http://198.50.233.53:80/admin/web/ HTTP/1.1" 400 0 "-" "Mozilla/5.0 Jorgee"
195.142.114.138 - - [11/Oct/2017:13:28:44 -0400] "HEAD http://198.50.233.53:80/admin/pMA/ HTTP/1.1" 400 0 "-" "Mozilla/5.0 Jorgee"
195.142.114.138 - - [11/Oct/2017:13:28:45 -0400] "HEAD http://198.50.233.53:80/mysql/pma/ HTTP/1.1" 400 0 "-" "Mozilla/5.0 Jorgee"
195.142.114.138 - - [11/Oct/2017:13:28:45 -0400] "HEAD http://198.50.233.53:80/mysql/db/ HTTP/1.1" 400 0 "-" "Mozilla/5.0 Jorgee"
195.142.114.138 - - [11/Oct/2017:13:28:45 -0400] "HEAD http://198.50.233.53:80/mysql/web/ HTTP/1.1" 400 0 "-" "Mozilla/5.0 Jorgee"
195.142.114.138 - - [11/Oct/2017:13:28:45 -0400] "HEAD http://198.50.233.53:80/mysql/pMA/ HTTP/1.1" 400 0 "-" "Mozilla/5.0 Jorgee"
195.142.114.138 - - [11/Oct/2017:13:28:45 -0400] "HEAD http://198.50.233.53:80/sql/phpmanager/ HTTP/1.1" 400 0 "-" "Mozilla/5.0 Jorgee"
195.142.114.138 - - [11/Oct/2017:13:28:45 -0400] "HEAD http://198.50.233.53:80/sql/php-myadmin/ HTTP/1.1" 400 0 "-" "Mozilla/5.0 Jorgee"
195.142.114.138 - - [11/Oct/2017:13:28:45 -0400] "HEAD http://198.50.233.53:80/sql/phpmy-admin/ HTTP/1.1" 400 0 "-" "Mozilla/5.0 Jorgee"
195.142.114.138 - - [11/Oct/2017:13:28:46 -0400] "HEAD http://198.50.233.53:80/sql/sql/ HTTP/1.1" 400 0 "-" "Mozilla/5.0 Jorgee"
195.142.114.138 - - [11/Oct/2017:13:28:46 -0400] "HEAD http://198.50.233.53:80/sql/myadmin/ HTTP/1.1" 400 0 "-" "Mozilla/5.0 Jorgee"
195.142.114.138 - - [11/Oct/2017:13:28:46 -0400] "HEAD http://198.50.233.53:80/sql/webadmin/ HTTP/1.1" 400 0 "-" "Mozilla/5.0 Jorgee"
108.162.219.103 - - [11/Oct/2017:13:28:46 -0400] "GET /outcomes HTTP/1.1" 200 681 "https://elostat.com/outcomes/20171005" "Mozilla/5.0 (Macintosh; Intel Mac OS X 10_13_0) AppleWebKit/537.36 (KHTML, like Gecko) Chrome/61.0.3163.100 Safari/537.36"
195.142.114.138 - - [11/Oct/2017:13:28:46 -0400] "HEAD http://198.50.233.53:80/sql/sqlweb/ HTTP/1.1" 400 0 "-" "Mozilla/5.0 Jorgee"
162.158.62.240 - - [11/Oct/2017:13:28:46 -0400] "GET /static/elostat.png HTTP/1.1" 200 136844 "https://elostat.com/outcomes" "Mozilla/5.0 (Macintosh; Intel Mac OS X 10_13_0) AppleWebKit/537.36 (KHTML, like Gecko) Chrome/61.0.3163.100 Safari/537.36"
195.142.114.138 - - [11/Oct/2017:13:28:46 -0400] "HEAD http://198.50.233.53:80/sql/websql/ HTTP/1.1" 400 0 "-" "Mozilla/5.0 Jorgee"
195.142.114.138 - - [11/Oct/2017:13:28:46 -0400] "HEAD http://198.50.233.53:80/sql/webdb/ HTTP/1.1" 400 0 "-" "Mozilla/5.0 Jorgee"
195.142.114.138 - - [11/Oct/2017:13:28:46 -0400] "HEAD http://198.50.233.53:80/sql/sqladmin/ HTTP/1.1" 400 0 "-" "Mozilla/5.0 Jorgee"
195.142.114.138 - - [11/Oct/2017:13:28:47 -0400] "HEAD http://198.50.233.53:80/sql/sql-admin/ HTTP/1.1" 400 0 "-" "Mozilla/5.0 Jorgee"
195.142.114.138 - - [11/Oct/2017:13:28:47 -0400] "HEAD http://198.50.233.53:80/sql/phpmyadmin2/ HTTP/1.1" 400 0 "-" "Mozilla/5.0 Jorgee"
195.142.114.138 - - [11/Oct/2017:13:28:47 -0400] "HEAD http://198.50.233.53:80/sql/phpMyAdmin2/ HTTP/1.1" 400 0 "-" "Mozilla/5.0 Jorgee"
195.142.114.138 - - [11/Oct/2017:13:28:47 -0400] "HEAD http://198.50.233.53:80/sql/phpMyAdmin/ HTTP/1.1" 400 0 "-" "Mozilla/5.0 Jorgee"
195.142.114.138 - - [11/Oct/2017:13:28:47 -0400] "HEAD http://198.50.233.53:80/db/myadmin/ HTTP/1.1" 400 0 "-" "Mozilla/5.0 Jorgee"
195.142.114.138 - - [11/Oct/2017:13:28:48 -0400] "HEAD http://198.50.233.53:80/db/webadmin/ HTTP/1.1" 400 0 "-" "Mozilla/5.0 Jorgee"
108.162.219.103 - - [11/Oct/2017:13:28:48 -0400] "GET / HTTP/1.1" 200 681 "https://elostat.com/outcomes" "Mozilla/5.0 (Macintosh; Intel Mac OS X 10_13_0) AppleWebKit/537.36 (KHTML, like Gecko) Chrome/61.0.3163.100 Safari/537.36"
195.142.114.138 - - [11/Oct/2017:13:28:48 -0400] "HEAD http://198.50.233.53:80/db/dbweb/ HTTP/1.1" 400 0 "-" "Mozilla/5.0 Jorgee"
162.158.62.240 - - [11/Oct/2017:13:28:48 -0400] "GET /static/elostat.png HTTP/1.1" 200 136844 "https://elostat.com/" "Mozilla/5.0 (Macintosh; Intel Mac OS X 10_13_0) AppleWebKit/537.36 (KHTML, like Gecko) Chrome/61.0.3163.100 Safari/537.36"
195.142.114.138 - - [11/Oct/2017:13:28:48 -0400] "HEAD http://198.50.233.53:80/db/websql/ HTTP/1.1" 400 0 "-" "Mozilla/5.0 Jorgee"
195.142.114.138 - - [11/Oct/2017:13:28:48 -0400] "HEAD http://198.50.233.53:80/db/webdb/ HTTP/1.1" 400 0 "-" "Mozilla/5.0 Jorgee"
195.142.114.138 - - [11/Oct/2017:13:28:48 -0400] "HEAD http://198.50.233.53:80/db/dbadmin/ HTTP/1.1" 400 0 "-" "Mozilla/5.0 Jorgee"
195.142.114.138 - - [11/Oct/2017:13:28:48 -0400] "HEAD http://198.50.233.53:80/db/db-admin/ HTTP/1.1" 400 0 "-" "Mozilla/5.0 Jorgee"
195.142.114.138 - - [11/Oct/2017:13:28:49 -0400] "HEAD http://198.50.233.53:80/db/phpmyadmin3/ HTTP/1.1" 400 0 "-" "Mozilla/5.0 Jorgee"
195.142.114.138 - - [11/Oct/2017:13:28:49 -0400] "HEAD http://198.50.233.53:80/db/phpMyAdmin3/ HTTP/1.1" 400 0 "-" "Mozilla/5.0 Jorgee"
195.142.114.138 - - [11/Oct/2017:13:28:49 -0400] "HEAD http://198.50.233.53:80/db/phpMyAdmin-3/ HTTP/1.1" 400 0 "-" "Mozilla/5.0 Jorgee"
195.142.114.138 - - [11/Oct/2017:13:28:49 -0400] "HEAD http://198.50.233.53:80/administrator/phpmyadmin/ HTTP/1.1" 400 0 "-" "Mozilla/5.0 Jorgee"
195.142.114.138 - - [11/Oct/2017:13:28:49 -0400] "HEAD http://198.50.233.53:80/administrator/phpMyAdmin/ HTTP/1.1" 400 0 "-" "Mozilla/5.0 Jorgee"
195.142.114.138 - - [11/Oct/2017:13:28:49 -0400] "HEAD http://198.50.233.53:80/administrator/db/ HTTP/1.1" 400 0 "-" "Mozilla/5.0 Jorgee"
195.142.114.138 - - [11/Oct/2017:13:28:50 -0400] "HEAD http://198.50.233.53:80/administrator/web/ HTTP/1.1" 400 0 "-" "Mozilla/5.0 Jorgee"
195.142.114.138 - - [11/Oct/2017:13:28:50 -0400] "HEAD http://198.50.233.53:80/administrator/pma/ HTTP/1.1" 400 0 "-" "Mozilla/5.0 Jorgee"
195.142.114.138 - - [11/Oct/2017:13:28:50 -0400] "HEAD http://198.50.233.53:80/administrator/PMA/ HTTP/1.1" 400 0 "-" "Mozilla/5.0 Jorgee"
195.142.114.138 - - [11/Oct/2017:13:28:50 -0400] "HEAD http://198.50.233.53:80/administrator/admin/ HTTP/1.1" 400 0 "-" "Mozilla/5.0 Jorgee"
195.142.114.138 - - [11/Oct/2017:13:28:50 -0400] "HEAD http://198.50.233.53:80/phpMyAdmin2/ HTTP/1.1" 400 0 "-" "Mozilla/5.0 Jorgee"
195.142.114.138 - - [11/Oct/2017:13:28:50 -0400] "HEAD http://198.50.233.53:80/phpMyAdmin3/ HTTP/1.1" 400 0 "-" "Mozilla/5.0 Jorgee"
195.142.114.138 - - [11/Oct/2017:13:28:50 -0400] "HEAD http://198.50.233.53:80/phpMyAdmin4/ HTTP/1.1" 400 0 "-" "Mozilla/5.0 Jorgee"
195.142.114.138 - - [11/Oct/2017:13:28:51 -0400] "HEAD http://198.50.233.53:80/phpMyAdmin-3/ HTTP/1.1" 400 0 "-" "Mozilla/5.0 Jorgee"
195.142.114.138 - - [11/Oct/2017:13:28:51 -0400] "HEAD http://198.50.233.53:80/php-my-admin/ HTTP/1.1" 400 0 "-" "Mozilla/5.0 Jorgee"
195.142.114.138 - - [11/Oct/2017:13:28:51 -0400] "HEAD http://198.50.233.53:80/PMA2011/ HTTP/1.1" 400 0 "-" "Mozilla/5.0 Jorgee"
195.142.114.138 - - [11/Oct/2017:13:28:51 -0400] "HEAD http://198.50.233.53:80/PMA2012/ HTTP/1.1" 400 0 "-" "Mozilla/5.0 Jorgee"
195.142.114.138 - - [11/Oct/2017:13:28:51 -0400] "HEAD http://198.50.233.53:80/PMA2013/ HTTP/1.1" 400 0 "-" "Mozilla/5.0 Jorgee"
195.142.114.138 - - [11/Oct/2017:13:28:51 -0400] "HEAD http://198.50.233.53:80/PMA2014/ HTTP/1.1" 400 0 "-" "Mozilla/5.0 Jorgee"
195.142.114.138 - - [11/Oct/2017:13:28:51 -0400] "HEAD http://198.50.233.53:80/PMA2015/ HTTP/1.1" 400 0 "-" "Mozilla/5.0 Jorgee"
195.142.114.138 - - [11/Oct/2017:13:28:52 -0400] "HEAD http://198.50.233.53:80/PMA2016/ HTTP/1.1" 400 0 "-" "Mozilla/5.0 Jorgee"
195.142.114.138 - - [11/Oct/2017:13:28:52 -0400] "HEAD http://198.50.233.53:80/PMA2017/ HTTP/1.1" 400 0 "-" "Mozilla/5.0 Jorgee"
195.142.114.138 - - [11/Oct/2017:13:28:52 -0400] "HEAD http://198.50.233.53:80/PMA2018/ HTTP/1.1" 400 0 "-" "Mozilla/5.0 Jorgee"
195.142.114.138 - - [11/Oct/2017:13:28:52 -0400] "HEAD http://198.50.233.53:80/pma2011/ HTTP/1.1" 400 0 "-" "Mozilla/5.0 Jorgee"
195.142.114.138 - - [11/Oct/2017:13:28:52 -0400] "HEAD http://198.50.233.53:80/pma2012/ HTTP/1.1" 400 0 "-" "Mozilla/5.0 Jorgee"
195.142.114.138 - - [11/Oct/2017:13:28:52 -0400] "HEAD http://198.50.233.53:80/pma2013/ HTTP/1.1" 400 0 "-" "Mozilla/5.0 Jorgee"
195.142.114.138 - - [11/Oct/2017:13:28:52 -0400] "HEAD http://198.50.233.53:80/pma2014/ HTTP/1.1" 400 0 "-" "Mozilla/5.0 Jorgee"
195.142.114.138 - - [11/Oct/2017:13:28:53 -0400] "HEAD http://198.50.233.53:80/pma2015/ HTTP/1.1" 400 0 "-" "Mozilla/5.0 Jorgee"
195.142.114.138 - - [11/Oct/2017:13:28:53 -0400] "HEAD http://198.50.233.53:80/pma2016/ HTTP/1.1" 400 0 "-" "Mozilla/5.0 Jorgee"
195.142.114.138 - - [11/Oct/2017:13:28:53 -0400] "HEAD http://198.50.233.53:80/pma2017/ HTTP/1.1" 400 0 "-" "Mozilla/5.0 Jorgee"
195.142.114.138 - - [11/Oct/2017:13:28:53 -0400] "HEAD http://198.50.233.53:80/pma2018/ HTTP/1.1" 400 0 "-" "Mozilla/5.0 Jorgee"
195.142.114.138 - - [11/Oct/2017:13:28:53 -0400] "HEAD http://198.50.233.53:80/phpmyadmin2011/ HTTP/1.1" 400 0 "-" "Mozilla/5.0 Jorgee"
195.142.114.138 - - [11/Oct/2017:13:28:53 -0400] "HEAD http://198.50.233.53:80/phpmyadmin2012/ HTTP/1.1" 400 0 "-" "Mozilla/5.0 Jorgee"
195.142.114.138 - - [11/Oct/2017:13:28:53 -0400] "HEAD http://198.50.233.53:80/phpmyadmin2013/ HTTP/1.1" 400 0 "-" "Mozilla/5.0 Jorgee"
195.142.114.138 - - [11/Oct/2017:13:28:54 -0400] "HEAD http://198.50.233.53:80/phpmyadmin2014/ HTTP/1.1" 400 0 "-" "Mozilla/5.0 Jorgee"
195.142.114.138 - - [11/Oct/2017:13:28:54 -0400] "HEAD http://198.50.233.53:80/phpmyadmin2016/ HTTP/1.1" 400 0 "-" "Mozilla/5.0 Jorgee"
195.142.114.138 - - [11/Oct/2017:13:28:54 -0400] "HEAD http://198.50.233.53:80/phpmyadmin2017/ HTTP/1.1" 400 0 "-" "Mozilla/5.0 Jorgee"
195.142.114.138 - - [11/Oct/2017:13:28:54 -0400] "HEAD http://198.50.233.53:80/phpmyadmin2018/ HTTP/1.1" 400 0 "-" "Mozilla/5.0 Jorgee"
195.142.114.138 - - [11/Oct/2017:13:28:55 -0400] "HEAD http://198.50.233.53:80/phpmanager/ HTTP/1.1" 400 0 "-" "Mozilla/5.0 Jorgee"
108.162.219.103 - - [11/Oct/2017:13:29:13 -0400] "GET / HTTP/1.1" 200 681 "https://elostat.com/outcomes" "Mozilla/5.0 (Macintosh; Intel Mac OS X 10_13_0) AppleWebKit/537.36 (KHTML, like Gecko) Chrome/61.0.3163.100 Safari/537.36"
162.158.62.240 - - [11/Oct/2017:13:29:14 -0400] "GET /static/elostat.png HTTP/1.1" 200 136844 "https://elostat.com/" "Mozilla/5.0 (Macintosh; Intel Mac OS X 10_13_0) AppleWebKit/537.36 (KHTML, like Gecko) Chrome/61.0.3163.100 Safari/537.36"
108.162.219.103 - - [11/Oct/2017:13:29:22 -0400] "GET / HTTP/1.1" 200 681 "https://elostat.com/outcomes" "Mozilla/5.0 (Macintosh; Intel Mac OS X 10_13_0) AppleWebKit/537.36 (KHTML, like Gecko) Chrome/61.0.3163.100 Safari/537.36"
162.158.62.240 - - [11/Oct/2017:13:29:22 -0400] "GET /static/elostat.png HTTP/1.1" 200 136844 "https://elostat.com/" "Mozilla/5.0 (Macintosh; Intel Mac OS X 10_13_0) AppleWebKit/537.36 (KHTML, like Gecko) Chrome/61.0.3163.100 Safari/537.36"
108.162.219.103 - - [11/Oct/2017:13:29:26 -0400] "GET /outcomes/20171007 HTTP/1.1" 200 606 "https://elostat.com/" "Mozilla/5.0 (Macintosh; Intel Mac OS X 10_13_0) AppleWebKit/537.36 (KHTML, like Gecko) Chrome/61.0.3163.100 Safari/537.36"
173.245.52.94 - - [11/Oct/2017:13:29:26 -0400] "GET /static/baseball.png HTTP/1.1" 200 32661 "https://elostat.com/outcomes/20171007" "Mozilla/5.0 (Macintosh; Intel Mac OS X 10_13_0) AppleWebKit/537.36 (KHTML, like Gecko) Chrome/61.0.3163.100 Safari/537.36"
162.158.62.240 - - [11/Oct/2017:13:29:26 -0400] "GET /static/elostat.png HTTP/1.1" 200 136844 "https://elostat.com/outcomes/20171007" "Mozilla/5.0 (Macintosh; Intel Mac OS X 10_13_0) AppleWebKit/537.36 (KHTML, like Gecko) Chrome/61.0.3163.100 Safari/537.36"
108.162.219.103 - - [11/Oct/2017:13:29:29 -0400] "GET /outcomes HTTP/1.1" 200 681 "https://elostat.com/outcomes/20171007" "Mozilla/5.0 (Macintosh; Intel Mac OS X 10_13_0) AppleWebKit/537.36 (KHTML, like Gecko) Chrome/61.0.3163.100 Safari/537.36"
162.158.62.240 - - [11/Oct/2017:13:29:29 -0400] "GET /static/elostat.png HTTP/1.1" 200 136844 "https://elostat.com/outcomes" "Mozilla/5.0 (Macintosh; Intel Mac OS X 10_13_0) AppleWebKit/537.36 (KHTML, like Gecko) Chrome/61.0.3163.100 Safari/537.36"
108.162.219.103 - - [11/Oct/2017:13:29:32 -0400] "GET /outcomes HTTP/1.1" 200 681 "https://elostat.com/outcomes/20171007" "Mozilla/5.0 (Macintosh; Intel Mac OS X 10_13_0) AppleWebKit/537.36 (KHTML, like Gecko) Chrome/61.0.3163.100 Safari/537.36"
162.158.62.240 - - [11/Oct/2017:13:29:32 -0400] "GET /static/elostat.png HTTP/1.1" 200 136844 "https://elostat.com/outcomes" "Mozilla/5.0 (Macintosh; Intel Mac OS X 10_13_0) AppleWebKit/537.36 (KHTML, like Gecko) Chrome/61.0.3163.100 Safari/537.36"
108.162.219.103 - - [11/Oct/2017:13:29:37 -0400] "GET /outcomes/20171009 HTTP/1.1" 200 661 "https://elostat.com/outcomes" "Mozilla/5.0 (Macintosh; Intel Mac OS X 10_13_0) AppleWebKit/537.36 (KHTML, like Gecko) Chrome/61.0.3163.100 Safari/537.36"
173.245.52.94 - - [11/Oct/2017:13:29:37 -0400] "GET /static/baseball.png HTTP/1.1" 200 32661 "https://elostat.com/outcomes/20171009" "Mozilla/5.0 (Macintosh; Intel Mac OS X 10_13_0) AppleWebKit/537.36 (KHTML, like Gecko) Chrome/61.0.3163.100 Safari/537.36"
162.158.62.240 - - [11/Oct/2017:13:29:37 -0400] "GET /static/elostat.png HTTP/1.1" 200 136844 "https://elostat.com/outcomes/20171009" "Mozilla/5.0 (Macintosh; Intel Mac OS X 10_13_0) AppleWebKit/537.36 (KHTML, like Gecko) Chrome/61.0.3163.100 Safari/537.36"
108.162.219.103 - - [11/Oct/2017:13:29:46 -0400] "GET / HTTP/1.1" 200 681 "https://elostat.com/outcomes/20171009" "Mozilla/5.0 (Macintosh; Intel Mac OS X 10_13_0) AppleWebKit/537.36 (KHTML, like Gecko) Chrome/61.0.3163.100 Safari/537.36"
162.158.63.55 - - [11/Oct/2017:13:30:25 -0400] "GET / HTTP/1.1" 200 681 "-" "Apache-HttpClient/UNAVAILABLE (java 1.4)"
108.162.219.103 - - [11/Oct/2017:13:30:31 -0400] "GET / HTTP/1.1" 200 681 "https://voice.google.com/messages?itemId=t.%2B16074834057" "Mozilla/5.0 (Macintosh; Intel Mac OS X 10_13_0) AppleWebKit/537.36 (KHTML, like Gecko) Chrome/61.0.3163.100 Safari/537.36"
162.158.62.240 - - [11/Oct/2017:13:30:31 -0400] "GET /static/elostat.png HTTP/1.1" 200 136844 "https://elostat.com/" "Mozilla/5.0 (Macintosh; Intel Mac OS X 10_13_0) AppleWebKit/537.36 (KHTML, like Gecko) Chrome/61.0.3163.100 Safari/537.36"
108.162.219.73 - - [11/Oct/2017:13:30:32 -0400] "GET /favicon.ico HTTP/1.1" 404 110 "https://elostat.com/" "Mozilla/5.0 (Macintosh; Intel Mac OS X 10_13_0) AppleWebKit/537.36 (KHTML, like Gecko) Chrome/61.0.3163.100 Safari/537.36"
108.162.219.103 - - [11/Oct/2017:13:30:35 -0400] "GET /outcomes/20171009 HTTP/1.1" 200 661 "https://elostat.com/" "Mozilla/5.0 (Macintosh; Intel Mac OS X 10_13_0) AppleWebKit/537.36 (KHTML, like Gecko) Chrome/61.0.3163.100 Safari/537.36"
173.245.52.94 - - [11/Oct/2017:13:30:35 -0400] "GET /static/baseball.png HTTP/1.1" 200 32661 "https://elostat.com/outcomes/20171009" "Mozilla/5.0 (Macintosh; Intel Mac OS X 10_13_0) AppleWebKit/537.36 (KHTML, like Gecko) Chrome/61.0.3163.100 Safari/537.36"
108.162.219.103 - - [11/Oct/2017:13:30:39 -0400] "GET /outcomes HTTP/1.1" 200 681 "https://elostat.com/outcomes/20171009" "Mozilla/5.0 (Macintosh; Intel Mac OS X 10_13_0) AppleWebKit/537.36 (KHTML, like Gecko) Chrome/61.0.3163.100 Safari/537.36"
108.162.219.103 - - [11/Oct/2017:13:30:42 -0400] "GET /outcomes/20171009 HTTP/1.1" 200 661 "https://elostat.com/outcomes" "Mozilla/5.0 (Macintosh; Intel Mac OS X 10_13_0) AppleWebKit/537.36 (KHTML, like Gecko) Chrome/61.0.3163.100 Safari/537.36"
108.162.219.13 - - [11/Oct/2017:13:30:54 -0400] "GET / HTTP/1.1" 200 681 "-" "Mozilla/5.0 (X11; Linux x86_64) AppleWebKit/537.36 (KHTML, like Gecko) Chrome/61.0.3163.100 Safari/537.36"
162.158.62.240 - - [11/Oct/2017:13:30:54 -0400] "GET /static/elostat.png HTTP/1.1" 200 136844 "https://elostat.com/" "Mozilla/5.0 (X11; Linux x86_64) AppleWebKit/537.36 (KHTML, like Gecko) Chrome/61.0.3163.100 Safari/537.36"
108.162.219.13 - - [11/Oct/2017:13:31:01 -0400] "GET /outcomes/20171009 HTTP/1.1" 200 661 "https://elostat.com/" "Mozilla/5.0 (X11; Linux x86_64) AppleWebKit/537.36 (KHTML, like Gecko) Chrome/61.0.3163.100 Safari/537.36"
173.245.52.94 - - [11/Oct/2017:13:31:01 -0400] "GET /static/baseball.png HTTP/1.1" 200 32661 "https://elostat.com/outcomes/20171009" "Mozilla/5.0 (X11; Linux x86_64) AppleWebKit/537.36 (KHTML, like Gecko) Chrome/61.0.3163.100 Safari/537.36"
108.162.219.103 - - [11/Oct/2017:13:31:04 -0400] "GET /outcomes HTTP/1.1" 200 681 "https://elostat.com/outcomes/20171009" "Mozilla/5.0 (Macintosh; Intel Mac OS X 10_13_0) AppleWebKit/537.36 (KHTML, like Gecko) Chrome/61.0.3163.100 Safari/537.36"
108.162.219.13 - - [11/Oct/2017:13:31:07 -0400] "GET /outcomes/20171009 HTTP/1.1" 200 661 "https://elostat.com/" "Mozilla/5.0 (X11; Linux x86_64) AppleWebKit/537.36 (KHTML, like Gecko) Chrome/61.0.3163.100 Safari/537.36"
108.162.219.103 - - [11/Oct/2017:13:31:07 -0400] "GET /outcomes/20171006 HTTP/1.1" 200 656 "https://elostat.com/outcomes" "Mozilla/5.0 (Macintosh; Intel Mac OS X 10_13_0) AppleWebKit/537.36 (KHTML, like Gecko) Chrome/61.0.3163.100 Safari/537.36"
108.162.219.13 - - [11/Oct/2017:13:31:10 -0400] "GET /outcomes/20171009 HTTP/1.1" 200 661 "https://elostat.com/" "Mozilla/5.0 (X11; Linux x86_64) AppleWebKit/537.36 (KHTML, like Gecko) Chrome/61.0.3163.100 Safari/537.36"
108.162.219.103 - - [11/Oct/2017:13:31:10 -0400] "GET /outcomes HTTP/1.1" 200 681 "https://elostat.com/outcomes/20171006" "Mozilla/5.0 (Macintosh; Intel Mac OS X 10_13_0) AppleWebKit/537.36 (KHTML, like Gecko) Chrome/61.0.3163.100 Safari/537.36"
162.158.63.199 - - [11/Oct/2017:13:31:27 -0400] "GET / HTTP/1.1" 200 681 "-" "Mozilla/5.0 (Macintosh; Intel Mac OS X 10_12_6) AppleWebKit/604.1.38 (KHTML, like Gecko) Version/11.0 Safari/604.1.38"
162.158.62.240 - - [11/Oct/2017:13:31:27 -0400] "GET /static/elostat.png HTTP/1.1" 200 136844 "https://elostat.com/" "Mozilla/5.0 (Macintosh; Intel Mac OS X 10_12_6) AppleWebKit/604.1.38 (KHTML, like Gecko) Version/11.0 Safari/604.1.38"
108.162.219.73 - - [11/Oct/2017:13:31:27 -0400] "GET /favicon.ico HTTP/1.1" 404 110 "https://elostat.com/" "Mozilla/5.0 (Macintosh; Intel Mac OS X 10_12_6) AppleWebKit/604.1.38 (KHTML, like Gecko) Version/11.0 Safari/604.1.38"
162.158.63.199 - - [11/Oct/2017:13:31:32 -0400] "GET /outcomes/20171009 HTTP/1.1" 200 661 "https://elostat.com/" "Mozilla/5.0 (Macintosh; Intel Mac OS X 10_12_6) AppleWebKit/604.1.38 (KHTML, like Gecko) Version/11.0 Safari/604.1.38"
173.245.52.94 - - [11/Oct/2017:13:31:32 -0400] "GET /static/baseball.png HTTP/1.1" 200 32661 "https://elostat.com/outcomes/20171009" "Mozilla/5.0 (Macintosh; Intel Mac OS X 10_12_6) AppleWebKit/604.1.38 (KHTML, like Gecko) Version/11.0 Safari/604.1.38"
108.162.219.13 - - [11/Oct/2017:13:31:33 -0400] "GET /outcomes/20171009 HTTP/1.1" 200 661 "https://elostat.com/" "Mozilla/5.0 (X11; Linux x86_64) AppleWebKit/537.36 (KHTML, like Gecko) Chrome/61.0.3163.100 Safari/537.36"
108.162.219.91 - - [11/Oct/2017:13:32:01 -0400] "GET / HTTP/1.1" 200 681 "-" "Mozilla/5.0 (Linux; Android 7.0; SM-G935V Build/NRD90M) AppleWebKit/537.36 (KHTML, like Gecko) Chrome/61.0.3163.98 Mobile Safari/537.36"
162.158.62.240 - - [11/Oct/2017:13:32:02 -0400] "GET /static/elostat.png HTTP/1.1" 200 136844 "https://elostat.com/" "Mozilla/5.0 (Linux; Android 7.0; SM-G935V Build/NRD90M) AppleWebKit/537.36 (KHTML, like Gecko) Chrome/61.0.3163.98 Mobile Safari/537.36"
108.162.219.73 - - [11/Oct/2017:13:32:02 -0400] "GET /favicon.ico HTTP/1.1" 404 110 "https://elostat.com/" "Mozilla/5.0 (Linux; Android 7.0; SM-G935V Build/NRD90M) AppleWebKit/537.36 (KHTML, like Gecko) Chrome/61.0.3163.98 Mobile Safari/537.36"
108.162.219.91 - - [11/Oct/2017:13:32:05 -0400] "GET /outcomes/20171009 HTTP/1.1" 200 661 "https://elostat.com/" "Mozilla/5.0 (Linux; Android 7.0; SM-G935V Build/NRD90M) AppleWebKit/537.36 (KHTML, like Gecko) Chrome/61.0.3163.98 Mobile Safari/537.36"
173.245.52.94 - - [11/Oct/2017:13:32:06 -0400] "GET /static/baseball.png HTTP/1.1" 200 32661 "https://elostat.com/outcomes/20171009" "Mozilla/5.0 (Linux; Android 7.0; SM-G935V Build/NRD90M) AppleWebKit/537.36 (KHTML, like Gecko) Chrome/61.0.3163.98 Mobile Safari/537.36"
173.245.52.94 - - [11/Oct/2017:13:53:06 -0400] "GET / HTTP/1.1" 200 681 "https://elostat.com/outcomes/20171009" "Mozilla/5.0 (Linux; Android 7.0; SM-G935V Build/NRD90M) AppleWebKit/537.36 (KHTML, like Gecko) Chrome/61.0.3163.98 Mobile Safari/537.36"
173.245.52.94 - - [11/Oct/2017:13:53:09 -0400] "GET /outcomes/20171007 HTTP/1.1" 200 606 "https://elostat.com/" "Mozilla/5.0 (Linux; Android 7.0; SM-G935V Build/NRD90M) AppleWebKit/537.36 (KHTML, like Gecko) Chrome/61.0.3163.98 Mobile Safari/537.36"
173.245.52.94 - - [11/Oct/2017:13:53:11 -0400] "GET /outcomes HTTP/1.1" 200 681 "https://elostat.com/outcomes/20171007" "Mozilla/5.0 (Linux; Android 7.0; SM-G935V Build/NRD90M) AppleWebKit/537.36 (KHTML, like Gecko) Chrome/61.0.3163.98 Mobile Safari/537.36"
172.68.198.115 - - [11/Oct/2017:14:04:17 -0400] "GET / HTTP/1.1" 400 37 "-" "redback/v0-570-g26f8c96"
172.68.198.49 - - [11/Oct/2017:14:04:17 -0400] "GET / HTTP/1.1" 200 681 "-" "redback/v0-570-g26f8c96"
172.68.198.49 - - [11/Oct/2017:14:04:17 -0400] "GET / HTTP/1.1" 200 681 "-" "redback/v0-570-g26f8c96"
172.68.198.115 - - [11/Oct/2017:14:04:17 -0400] "GET / HTTP/1.1" 400 37 "-" "redback/v0-570-g26f8c96"
173.245.52.94 - - [11/Oct/2017:14:16:12 -0400] "GET / HTTP/1.1" 200 681 "https://elostat.com/outcomes/20171009" "Mozilla/5.0 (Linux; Android 7.0; SM-G935V Build/NRD90M) AppleWebKit/537.36 (KHTML, like Gecko) Chrome/61.0.3163.98 Mobile Safari/537.36"
173.245.52.94 - - [11/Oct/2017:14:16:48 -0400] "GET /outcomes/20171010 HTTP/1.1" 500 27 "-" "Mozilla/5.0 (Linux; Android 7.0; SM-G935V Build/NRD90M) AppleWebKit/537.36 (KHTML, like Gecko) Chrome/61.0.3163.98 Mobile Safari/537.36"
173.245.52.94 - - [11/Oct/2017:14:16:54 -0400] "GET / HTTP/1.1" 200 681 "https://elostat.com/outcomes/20171009" "Mozilla/5.0 (Linux; Android 7.0; SM-G935V Build/NRD90M) AppleWebKit/537.36 (KHTML, like Gecko) Chrome/61.0.3163.98 Mobile Safari/537.36"
162.158.63.109 - - [11/Oct/2017:14:41:11 -0400] "GET / HTTP/1.1" 200 681 "https://elostat.com/outcomes" "Mozilla/5.0 (Macintosh; Intel Mac OS X 10_13_0) AppleWebKit/537.36 (KHTML, like Gecko) Chrome/61.0.3163.100 Safari/537.36"
162.158.63.109 - - [11/Oct/2017:14:41:16 -0400] "GET /outcomes/20171009 HTTP/1.1" 200 661 "https://elostat.com/" "Mozilla/5.0 (Macintosh; Intel Mac OS X 10_13_0) AppleWebKit/537.36 (KHTML, like Gecko) Chrome/61.0.3163.100 Safari/537.36"
162.158.63.109 - - [11/Oct/2017:14:41:42 -0400] "GET /outcomes HTTP/1.1" 200 681 "https://elostat.com/outcomes/20171009" "Mozilla/5.0 (Macintosh; Intel Mac OS X 10_13_0) AppleWebKit/537.36 (KHTML, like Gecko) Chrome/61.0.3163.100 Safari/537.36"
162.158.62.12 - - [11/Oct/2017:14:46:31 -0400] "GET /outcomes/20171009 HTTP/1.1" 200 661 "https://elostat.com/" "Mozilla/5.0 (Linux; Android 7.0; SM-G935V Build/NRD90M) AppleWebKit/537.36 (KHTML, like Gecko) Chrome/61.0.3163.98 Mobile Safari/537.36"
162.158.62.12 - - [11/Oct/2017:14:46:41 -0400] "GET /outcomes/20171009 HTTP/1.1" 200 661 "https://elostat.com/" "Mozilla/5.0 (Linux; Android 7.0; SM-G935V Build/NRD90M) AppleWebKit/537.36 (KHTML, like Gecko) Chrome/61.0.3163.98 Mobile Safari/537.36"
108.162.245.199 - - [11/Oct/2017:15:00:54 -0400] "GET / HTTP/1.1" 200 681 "-" "Mozilla/5.0 (iPhone; CPU iPhone OS 7_0 like Mac OS X) AppleWebKit/537.51.1 (KHTML, like Gecko) Version/7.0 Mobile/11A465 Safari/9537.53 (compatible; bingbot/2.0; +http://www.bing.com/bingbot.htm)"
162.158.78.223 - - [11/Oct/2017:15:00:55 -0400] "GET /static/elostat.png HTTP/1.1" 200 136844 "-" "Mozilla/5.0 (iPhone; CPU iPhone OS 7_0 like Mac OS X) AppleWebKit/537.51.1 (KHTML, like Gecko) Version/7.0 Mobile/11A465 Safari/9537.53 BingPreview/1.0b"
162.158.106.39 - - [11/Oct/2017:15:01:03 -0400] "GET /robots.txt HTTP/1.1" 404 109 "-" "Mozilla/5.0 (compatible; bingbot/2.0; +http://www.bing.com/bingbot.htm)"
162.158.106.39 - - [11/Oct/2017:15:01:05 -0400] "GET /robots.txt HTTP/1.1" 404 109 "-" "Mozilla/5.0 (compatible; bingbot/2.0; +http://www.bing.com/bingbot.htm)"
162.158.63.241 - - [11/Oct/2017:15:02:39 -0400] "GET /outcomes HTTP/1.1" 200 681 "https://elostat.com/outcomes/20171009" "Mozilla/5.0 (Macintosh; Intel Mac OS X 10_13_0) AppleWebKit/537.36 (KHTML, like Gecko) Chrome/61.0.3163.100 Safari/537.36"
162.158.62.240 - - [11/Oct/2017:15:02:39 -0400] "GET /static/elostat.png HTTP/1.1" 304 0 "https://elostat.com/outcomes" "Mozilla/5.0 (Macintosh; Intel Mac OS X 10_13_0) AppleWebKit/537.36 (KHTML, like Gecko) Chrome/61.0.3163.100 Safari/537.36"
