38.95.243.100 - - [11/Oct/2017:11:40:06 -0400] "GET /admin HTTP/1.1" 502 584 "-" "Mozilla/5.0 (Macintosh; Intel Mac OS X 10_13_0) AppleWebKit/537.36 (KHTML, like Gecko) Chrome/61.0.3163.100 Safari/537.36"
38.95.243.100 - - [11/Oct/2017:11:40:07 -0400] "GET /favicon.ico HTTP/1.1" 502 584 "http://elostat.com/admin" "Mozilla/5.0 (Macintosh; Intel Mac OS X 10_13_0) AppleWebKit/537.36 (KHTML, like Gecko) Chrome/61.0.3163.100 Safari/537.36"
38.95.243.100 - - [11/Oct/2017:11:41:41 -0400] "GET /admin HTTP/1.1" 502 584 "-" "Mozilla/5.0 (Macintosh; Intel Mac OS X 10_13_0) AppleWebKit/537.36 (KHTML, like Gecko) Chrome/61.0.3163.100 Safari/537.36"
38.95.243.100 - - [11/Oct/2017:11:41:42 -0400] "GET /favicon.ico HTTP/1.1" 502 584 "http://elostat.com/admin" "Mozilla/5.0 (Macintosh; Intel Mac OS X 10_13_0) AppleWebKit/537.36 (KHTML, like Gecko) Chrome/61.0.3163.100 Safari/537.36"
38.95.243.100 - - [11/Oct/2017:11:42:43 -0400] "GET /admin HTTP/1.1" 502 584 "-" "Mozilla/5.0 (Macintosh; Intel Mac OS X 10_13_0) AppleWebKit/537.36 (KHTML, like Gecko) Chrome/61.0.3163.100 Safari/537.36"
38.95.243.100 - - [11/Oct/2017:11:42:43 -0400] "GET /favicon.ico HTTP/1.1" 502 584 "http://elostat.com/admin" "Mozilla/5.0 (Macintosh; Intel Mac OS X 10_13_0) AppleWebKit/537.36 (KHTML, like Gecko) Chrome/61.0.3163.100 Safari/537.36"
38.95.243.100 - - [11/Oct/2017:11:43:23 -0400] "GET /admin HTTP/1.1" 502 584 "-" "Mozilla/5.0 (Macintosh; Intel Mac OS X 10_13_0) AppleWebKit/537.36 (KHTML, like Gecko) Chrome/61.0.3163.100 Safari/537.36"
38.95.243.100 - - [11/Oct/2017:11:43:24 -0400] "GET /favicon.ico HTTP/1.1" 502 584 "http://elostat.com/admin" "Mozilla/5.0 (Macintosh; Intel Mac OS X 10_13_0) AppleWebKit/537.36 (KHTML, like Gecko) Chrome/61.0.3163.100 Safari/537.36"
38.95.243.100 - - [11/Oct/2017:11:44:24 -0400] "GET /admin HTTP/1.1" 502 584 "-" "Mozilla/5.0 (Macintosh; Intel Mac OS X 10_13_0) AppleWebKit/537.36 (KHTML, like Gecko) Chrome/61.0.3163.100 Safari/537.36"
38.95.243.100 - - [11/Oct/2017:11:44:25 -0400] "GET /favicon.ico HTTP/1.1" 502 584 "http://elostat.com/admin" "Mozilla/5.0 (Macintosh; Intel Mac OS X 10_13_0) AppleWebKit/537.36 (KHTML, like Gecko) Chrome/61.0.3163.100 Safari/537.36"
38.95.243.100 - - [11/Oct/2017:11:45:00 -0400] "GET /admin HTTP/1.1" 301 0 "-" "Mozilla/5.0 (Macintosh; Intel Mac OS X 10_13_0) AppleWebKit/537.36 (KHTML, like Gecko) Chrome/61.0.3163.100 Safari/537.36"
38.95.243.100 - - [11/Oct/2017:11:45:03 -0400] "GET /admin/ HTTP/1.1" 200 1251 "-" "Mozilla/5.0 (Macintosh; Intel Mac OS X 10_13_0) AppleWebKit/537.36 (KHTML, like Gecko) Chrome/61.0.3163.100 Safari/537.36"
38.95.243.100 - - [11/Oct/2017:11:45:03 -0400] "GET /static/admin/css/base.css HTTP/1.1" 404 209 "http://elostat.com/admin/" "Mozilla/5.0 (Macintosh; Intel Mac OS X 10_13_0) AppleWebKit/537.36 (KHTML, like Gecko) Chrome/61.0.3163.100 Safari/537.36"
38.95.243.100 - - [11/Oct/2017:11:45:03 -0400] "GET /static/admin/css/dashboard.css HTTP/1.1" 404 209 "http://elostat.com/admin/" "Mozilla/5.0 (Macintosh; Intel Mac OS X 10_13_0) AppleWebKit/537.36 (KHTML, like Gecko) Chrome/61.0.3163.100 Safari/537.36"
38.95.243.100 - - [11/Oct/2017:11:45:04 -0400] "GET /favicon.ico HTTP/1.1" 404 1012 "http://elostat.com/admin/" "Mozilla/5.0 (Macintosh; Intel Mac OS X 10_13_0) AppleWebKit/537.36 (KHTML, like Gecko) Chrome/61.0.3163.100 Safari/537.36"
38.95.243.100 - - [11/Oct/2017:11:46:09 -0400] "GET / HTTP/1.1" 404 993 "-" "Mozilla/5.0 (Macintosh; Intel Mac OS X 10_13_0) AppleWebKit/537.36 (KHTML, like Gecko) Chrome/61.0.3163.100 Safari/537.36"
38.95.243.100 - - [11/Oct/2017:11:46:23 -0400] "GET /outcomes/20171009 HTTP/1.1" 200 631 "-" "Mozilla/5.0 (Macintosh; Intel Mac OS X 10_13_0) AppleWebKit/537.36 (KHTML, like Gecko) Chrome/61.0.3163.100 Safari/537.36"
108.162.219.103 - - [11/Oct/2017:11:47:27 -0400] "GET /outcomes/20171009 HTTP/1.1" 200 631 "-" "Mozilla/5.0 (Macintosh; Intel Mac OS X 10_13_0) AppleWebKit/537.36 (KHTML, like Gecko) Chrome/61.0.3163.100 Safari/537.36"
108.162.219.73 - - [11/Oct/2017:11:47:28 -0400] "GET /favicon.ico HTTP/1.1" 404 1012 "https://elostat.com/outcomes/20171009" "Mozilla/5.0 (Macintosh; Intel Mac OS X 10_13_0) AppleWebKit/537.36 (KHTML, like Gecko) Chrome/61.0.3163.100 Safari/537.36"
108.162.219.103 - - [11/Oct/2017:11:48:25 -0400] "GET /outcomes/20171009 HTTP/1.1" 200 631 "-" "Mozilla/5.0 (Macintosh; Intel Mac OS X 10_13_0) AppleWebKit/537.36 (KHTML, like Gecko) Chrome/61.0.3163.100 Safari/537.36"
162.158.63.55 - - [11/Oct/2017:11:49:00 -0400] "GET /outcomes/20171009 HTTP/1.1" 200 631 "-" "Apache-HttpClient/UNAVAILABLE (java 1.4)"
108.162.219.13 - - [11/Oct/2017:11:49:56 -0400] "GET /outcomes HTTP/1.1" 404 1008 "-" "Mozilla/5.0 (X11; Linux x86_64) AppleWebKit/537.36 (KHTML, like Gecko) Chrome/61.0.3163.100 Safari/537.36"
108.162.219.13 - - [11/Oct/2017:11:50:02 -0400] "GET /outcomes/20171009 HTTP/1.1" 200 631 "-" "Mozilla/5.0 (X11; Linux x86_64) AppleWebKit/537.36 (KHTML, like Gecko) Chrome/61.0.3163.100 Safari/537.36"
108.162.219.31 - - [11/Oct/2017:11:50:02 -0400] "GET /elostat.png HTTP/1.1" 404 1011 "https://elostat.com/outcomes/20171009" "Mozilla/5.0 (X11; Linux x86_64) AppleWebKit/537.36 (KHTML, like Gecko) Chrome/61.0.3163.100 Safari/537.36"
162.158.62.102 - - [11/Oct/2017:11:50:02 -0400] "GET /baseball.png HTTP/1.1" 404 1015 "https://elostat.com/outcomes/20171009" "Mozilla/5.0 (X11; Linux x86_64) AppleWebKit/537.36 (KHTML, like Gecko) Chrome/61.0.3163.100 Safari/537.36"
108.162.219.13 - - [11/Oct/2017:11:50:27 -0400] "GET /outcomes/20171010 HTTP/1.1" 500 60013 "-" "Mozilla/5.0 (X11; Linux x86_64) AppleWebKit/537.36 (KHTML, like Gecko) Chrome/61.0.3163.100 Safari/537.36"
108.162.219.13 - - [11/Oct/2017:11:50:30 -0400] "GET /outcomes/20171008 HTTP/1.1" 200 582 "-" "Mozilla/5.0 (X11; Linux x86_64) AppleWebKit/537.36 (KHTML, like Gecko) Chrome/61.0.3163.100 Safari/537.36"
108.162.219.13 - - [11/Oct/2017:11:50:50 -0400] "GET /outcomes/20171009 HTTP/1.1" 200 631 "-" "Mozilla/5.0 (X11; Linux x86_64) AppleWebKit/537.36 (KHTML, like Gecko) Chrome/61.0.3163.100 Safari/537.36"
108.162.219.103 - - [11/Oct/2017:11:52:18 -0400] "GET / HTTP/1.1" 404 994 "-" "Mozilla/5.0 (Macintosh; Intel Mac OS X 10_13_0) AppleWebKit/537.36 (KHTML, like Gecko) Chrome/61.0.3163.100 Safari/537.36"
108.162.219.13 - - [11/Oct/2017:11:52:28 -0400] "GET /outcomes/20171010 HTTP/1.1" 500 60013 "-" "Mozilla/5.0 (X11; Linux x86_64) AppleWebKit/537.36 (KHTML, like Gecko) Chrome/61.0.3163.100 Safari/537.36"
108.162.219.13 - - [11/Oct/2017:11:52:46 -0400] "GET / HTTP/1.1" 404 994 "-" "Mozilla/5.0 (X11; Linux x86_64) AppleWebKit/537.36 (KHTML, like Gecko) Chrome/61.0.3163.100 Safari/537.36"
108.162.219.103 - - [11/Oct/2017:11:53:00 -0400] "GET /outcomes/20171010 HTTP/1.1" 500 60709 "-" "Mozilla/5.0 (Macintosh; Intel Mac OS X 10_13_0) AppleWebKit/537.36 (KHTML, like Gecko) Chrome/61.0.3163.100 Safari/537.36"
108.162.219.13 - - [11/Oct/2017:11:53:15 -0400] "GET /outcomes HTTP/1.1" 404 1008 "-" "Mozilla/5.0 (X11; Linux x86_64) AppleWebKit/537.36 (KHTML, like Gecko) Chrome/61.0.3163.100 Safari/537.36"
108.162.219.103 - - [11/Oct/2017:11:54:09 -0400] "GET / HTTP/1.1" 404 994 "-" "Mozilla/5.0 (Macintosh; Intel Mac OS X 10_13_0) AppleWebKit/537.36 (KHTML, like Gecko) Chrome/61.0.3163.100 Safari/537.36"
108.162.219.103 - - [11/Oct/2017:11:54:19 -0400] "GET /outcomes HTTP/1.1" 404 1008 "-" "Mozilla/5.0 (Macintosh; Intel Mac OS X 10_13_0) AppleWebKit/537.36 (KHTML, like Gecko) Chrome/61.0.3163.100 Safari/537.36"
108.162.219.103 - - [11/Oct/2017:12:01:22 -0400] "GET /admin HTTP/1.1" 301 0 "-" "Mozilla/5.0 (Macintosh; Intel Mac OS X 10_13_0) AppleWebKit/537.36 (KHTML, like Gecko) Chrome/61.0.3163.100 Safari/537.36"
108.162.219.103 - - [11/Oct/2017:12:01:23 -0400] "GET /admin/ HTTP/1.1" 200 1251 "-" "Mozilla/5.0 (Macintosh; Intel Mac OS X 10_13_0) AppleWebKit/537.36 (KHTML, like Gecko) Chrome/61.0.3163.100 Safari/537.36"
108.162.219.67 - - [11/Oct/2017:12:01:23 -0400] "GET /static/admin/css/dashboard.css HTTP/1.1" 404 209 "https://elostat.com/admin/" "Mozilla/5.0 (Macintosh; Intel Mac OS X 10_13_0) AppleWebKit/537.36 (KHTML, like Gecko) Chrome/61.0.3163.100 Safari/537.36"
162.158.63.73 - - [11/Oct/2017:12:01:23 -0400] "GET /static/admin/css/base.css HTTP/1.1" 404 209 "https://elostat.com/admin/" "Mozilla/5.0 (Macintosh; Intel Mac OS X 10_13_0) AppleWebKit/537.36 (KHTML, like Gecko) Chrome/61.0.3163.100 Safari/537.36"
108.162.219.103 - - [11/Oct/2017:12:01:29 -0400] "GET /admin/scrapeSBRodds/game/ HTTP/1.1" 200 5037 "https://elostat.com/admin/" "Mozilla/5.0 (Macintosh; Intel Mac OS X 10_13_0) AppleWebKit/537.36 (KHTML, like Gecko) Chrome/61.0.3163.100 Safari/537.36"
162.158.62.252 - - [11/Oct/2017:12:01:30 -0400] "GET /static/admin/css/changelists.css HTTP/1.1" 404 209 "https://elostat.com/admin/scrapeSBRodds/game/" "Mozilla/5.0 (Macintosh; Intel Mac OS X 10_13_0) AppleWebKit/537.36 (KHTML, like Gecko) Chrome/61.0.3163.100 Safari/537.36"
173.245.52.70 - - [11/Oct/2017:12:01:30 -0400] "GET /static/admin/js/core.js HTTP/1.1" 404 209 "https://elostat.com/admin/scrapeSBRodds/game/" "Mozilla/5.0 (Macintosh; Intel Mac OS X 10_13_0) AppleWebKit/537.36 (KHTML, like Gecko) Chrome/61.0.3163.100 Safari/537.36"
162.158.63.55 - - [11/Oct/2017:12:01:30 -0400] "GET /static/admin/js/actions.js HTTP/1.1" 404 209 "https://elostat.com/admin/scrapeSBRodds/game/" "Mozilla/5.0 (Macintosh; Intel Mac OS X 10_13_0) AppleWebKit/537.36 (KHTML, like Gecko) Chrome/61.0.3163.100 Safari/537.36"
162.158.62.168 - - [11/Oct/2017:12:01:30 -0400] "GET /static/admin/js/jquery.init.js HTTP/1.1" 404 209 "https://elostat.com/admin/scrapeSBRodds/game/" "Mozilla/5.0 (Macintosh; Intel Mac OS X 10_13_0) AppleWebKit/537.36 (KHTML, like Gecko) Chrome/61.0.3163.100 Safari/537.36"
173.245.52.100 - - [11/Oct/2017:12:01:30 -0400] "GET /static/admin/js/prepopulate.js HTTP/1.1" 404 209 "https://elostat.com/admin/scrapeSBRodds/game/" "Mozilla/5.0 (Macintosh; Intel Mac OS X 10_13_0) AppleWebKit/537.36 (KHTML, like Gecko) Chrome/61.0.3163.100 Safari/537.36"
108.162.219.25 - - [11/Oct/2017:12:01:30 -0400] "GET /static/admin/js/admin/RelatedObjectLookups.js HTTP/1.1" 404 209 "https://elostat.com/admin/scrapeSBRodds/game/" "Mozilla/5.0 (Macintosh; Intel Mac OS X 10_13_0) AppleWebKit/537.36 (KHTML, like Gecko) Chrome/61.0.3163.100 Safari/537.36"
162.158.62.24 - - [11/Oct/2017:12:01:30 -0400] "GET /static/admin/js/vendor/xregexp/xregexp.js HTTP/1.1" 404 209 "https://elostat.com/admin/scrapeSBRodds/game/" "Mozilla/5.0 (Macintosh; Intel Mac OS X 10_13_0) AppleWebKit/537.36 (KHTML, like Gecko) Chrome/61.0.3163.100 Safari/537.36"
108.162.219.97 - - [11/Oct/2017:12:01:30 -0400] "GET /static/admin/js/urlify.js HTTP/1.1" 404 209 "https://elostat.com/admin/scrapeSBRodds/game/" "Mozilla/5.0 (Macintosh; Intel Mac OS X 10_13_0) AppleWebKit/537.36 (KHTML, like Gecko) Chrome/61.0.3163.100 Safari/537.36"
162.158.63.229 - - [11/Oct/2017:12:01:30 -0400] "GET /static/admin/js/vendor/jquery/jquery.js HTTP/1.1" 404 209 "https://elostat.com/admin/scrapeSBRodds/game/" "Mozilla/5.0 (Macintosh; Intel Mac OS X 10_13_0) AppleWebKit/537.36 (KHTML, like Gecko) Chrome/61.0.3163.100 Safari/537.36"
108.162.219.103 - - [11/Oct/2017:12:01:30 -0400] "GET /admin/jsi18n/ HTTP/1.1" 200 3189 "https://elostat.com/admin/scrapeSBRodds/game/" "Mozilla/5.0 (Macintosh; Intel Mac OS X 10_13_0) AppleWebKit/537.36 (KHTML, like Gecko) Chrome/61.0.3163.100 Safari/537.36"
108.162.219.103 - - [11/Oct/2017:12:01:34 -0400] "GET /admin/scrapeSBRodds/game/2566/change/ HTTP/1.1" 200 2373 "https://elostat.com/admin/scrapeSBRodds/game/" "Mozilla/5.0 (Macintosh; Intel Mac OS X 10_13_0) AppleWebKit/537.36 (KHTML, like Gecko) Chrome/61.0.3163.100 Safari/537.36"
162.158.63.169 - - [11/Oct/2017:12:01:34 -0400] "GET /static/admin/css/forms.css HTTP/1.1" 404 209 "https://elostat.com/admin/scrapeSBRodds/game/2566/change/" "Mozilla/5.0 (Macintosh; Intel Mac OS X 10_13_0) AppleWebKit/537.36 (KHTML, like Gecko) Chrome/61.0.3163.100 Safari/537.36"
162.158.63.217 - - [11/Oct/2017:12:01:34 -0400] "GET /static/admin/js/calendar.js HTTP/1.1" 404 209 "https://elostat.com/admin/scrapeSBRodds/game/2566/change/" "Mozilla/5.0 (Macintosh; Intel Mac OS X 10_13_0) AppleWebKit/537.36 (KHTML, like Gecko) Chrome/61.0.3163.100 Safari/537.36"
108.162.219.25 - - [11/Oct/2017:12:01:34 -0400] "GET /static/admin/js/change_form.js HTTP/1.1" 404 209 "https://elostat.com/admin/scrapeSBRodds/game/2566/change/" "Mozilla/5.0 (Macintosh; Intel Mac OS X 10_13_0) AppleWebKit/537.36 (KHTML, like Gecko) Chrome/61.0.3163.100 Safari/537.36"
108.162.219.103 - - [11/Oct/2017:12:01:34 -0400] "GET /admin/jsi18n/ HTTP/1.1" 200 3189 "https://elostat.com/admin/scrapeSBRodds/game/2566/change/" "Mozilla/5.0 (Macintosh; Intel Mac OS X 10_13_0) AppleWebKit/537.36 (KHTML, like Gecko) Chrome/61.0.3163.100 Safari/537.36"
162.158.62.150 - - [11/Oct/2017:12:01:34 -0400] "GET /static/admin/js/prepopulate_init.js HTTP/1.1" 404 209 "https://elostat.com/admin/scrapeSBRodds/game/2566/change/" "Mozilla/5.0 (Macintosh; Intel Mac OS X 10_13_0) AppleWebKit/537.36 (KHTML, like Gecko) Chrome/61.0.3163.100 Safari/537.36"
162.158.63.247 - - [11/Oct/2017:12:01:34 -0400] "GET /static/admin/js/admin/DateTimeShortcuts.js HTTP/1.1" 404 209 "https://elostat.com/admin/scrapeSBRodds/game/2566/change/" "Mozilla/5.0 (Macintosh; Intel Mac OS X 10_13_0) AppleWebKit/537.36 (KHTML, like Gecko) Chrome/61.0.3163.100 Safari/537.36"
108.162.219.103 - - [11/Oct/2017:12:01:45 -0400] "GET /admin/scrapeSBRodds/game/ HTTP/1.1" 200 5038 "https://elostat.com/admin/" "Mozilla/5.0 (Macintosh; Intel Mac OS X 10_13_0) AppleWebKit/537.36 (KHTML, like Gecko) Chrome/61.0.3163.100 Safari/537.36"
108.162.219.103 - - [11/Oct/2017:12:06:06 -0400] "GET /outcomes HTTP/1.1" 404 1008 "-" "Mozilla/5.0 (Macintosh; Intel Mac OS X 10_13_0) AppleWebKit/537.36 (KHTML, like Gecko) Chrome/61.0.3163.100 Safari/537.36"
108.162.219.103 - - [11/Oct/2017:12:06:36 -0400] "GET /outcomes HTTP/1.1" 404 1008 "-" "Mozilla/5.0 (Macintosh; Intel Mac OS X 10_13_0) AppleWebKit/537.36 (KHTML, like Gecko) Chrome/61.0.3163.100 Safari/537.36"
108.162.219.103 - - [11/Oct/2017:12:06:39 -0400] "GET /outcomes HTTP/1.1" 404 1008 "-" "Mozilla/5.0 (Macintosh; Intel Mac OS X 10_13_0) AppleWebKit/537.36 (KHTML, like Gecko) Chrome/61.0.3163.100 Safari/537.36"
108.162.219.103 - - [11/Oct/2017:12:07:06 -0400] "GET /outcomes HTTP/1.1" 404 1008 "-" "Mozilla/5.0 (Macintosh; Intel Mac OS X 10_13_0) AppleWebKit/537.36 (KHTML, like Gecko) Chrome/61.0.3163.100 Safari/537.36"
108.162.219.103 - - [11/Oct/2017:12:09:03 -0400] "GET /outcomes HTTP/1.1" 500 101221 "-" "Mozilla/5.0 (Macintosh; Intel Mac OS X 10_13_0) AppleWebKit/537.36 (KHTML, like Gecko) Chrome/61.0.3163.100 Safari/537.36"
108.162.219.103 - - [11/Oct/2017:12:10:06 -0400] "GET /outcomes HTTP/1.1" 500 61163 "-" "Mozilla/5.0 (Macintosh; Intel Mac OS X 10_13_0) AppleWebKit/537.36 (KHTML, like Gecko) Chrome/61.0.3163.100 Safari/537.36"
108.162.219.103 - - [11/Oct/2017:12:10:22 -0400] "GET /outcomes HTTP/1.1" 200 625 "-" "Mozilla/5.0 (Macintosh; Intel Mac OS X 10_13_0) AppleWebKit/537.36 (KHTML, like Gecko) Chrome/61.0.3163.100 Safari/537.36"
108.162.219.103 - - [11/Oct/2017:12:10:33 -0400] "GET /admin/scrapeSBRodds/game/2566/change/ HTTP/1.1" 200 2375 "https://elostat.com/admin/scrapeSBRodds/game/" "Mozilla/5.0 (Macintosh; Intel Mac OS X 10_13_0) AppleWebKit/537.36 (KHTML, like Gecko) Chrome/61.0.3163.100 Safari/537.36"
173.245.52.70 - - [11/Oct/2017:12:10:33 -0400] "GET /static/admin/js/core.js HTTP/1.1" 404 209 "https://elostat.com/admin/scrapeSBRodds/game/2566/change/" "Mozilla/5.0 (Macintosh; Intel Mac OS X 10_13_0) AppleWebKit/537.36 (KHTML, like Gecko) Chrome/61.0.3163.100 Safari/537.36"
162.158.63.229 - - [11/Oct/2017:12:10:33 -0400] "GET /static/admin/js/vendor/jquery/jquery.js HTTP/1.1" 404 209 "https://elostat.com/admin/scrapeSBRodds/game/2566/change/" "Mozilla/5.0 (Macintosh; Intel Mac OS X 10_13_0) AppleWebKit/537.36 (KHTML, like Gecko) Chrome/61.0.3163.100 Safari/537.36"
162.158.63.73 - - [11/Oct/2017:12:10:33 -0400] "GET /static/admin/css/base.css HTTP/1.1" 404 209 "https://elostat.com/admin/scrapeSBRodds/game/2566/change/" "Mozilla/5.0 (Macintosh; Intel Mac OS X 10_13_0) AppleWebKit/537.36 (KHTML, like Gecko) Chrome/61.0.3163.100 Safari/537.36"
162.158.63.217 - - [11/Oct/2017:12:10:33 -0400] "GET /static/admin/js/calendar.js HTTP/1.1" 404 209 "https://elostat.com/admin/scrapeSBRodds/game/2566/change/" "Mozilla/5.0 (Macintosh; Intel Mac OS X 10_13_0) AppleWebKit/537.36 (KHTML, like Gecko) Chrome/61.0.3163.100 Safari/537.36"
162.158.62.150 - - [11/Oct/2017:12:10:33 -0400] "GET /static/admin/js/prepopulate_init.js HTTP/1.1" 404 209 "https://elostat.com/admin/scrapeSBRodds/game/2566/change/" "Mozilla/5.0 (Macintosh; Intel Mac OS X 10_13_0) AppleWebKit/537.36 (KHTML, like Gecko) Chrome/61.0.3163.100 Safari/537.36"
162.158.63.169 - - [11/Oct/2017:12:10:33 -0400] "GET /static/admin/css/forms.css HTTP/1.1" 404 209 "https://elostat.com/admin/scrapeSBRodds/game/2566/change/" "Mozilla/5.0 (Macintosh; Intel Mac OS X 10_13_0) AppleWebKit/537.36 (KHTML, like Gecko) Chrome/61.0.3163.100 Safari/537.36"
173.245.52.100 - - [11/Oct/2017:12:10:33 -0400] "GET /static/admin/js/prepopulate.js HTTP/1.1" 404 209 "https://elostat.com/admin/scrapeSBRodds/game/2566/change/" "Mozilla/5.0 (Macintosh; Intel Mac OS X 10_13_0) AppleWebKit/537.36 (KHTML, like Gecko) Chrome/61.0.3163.100 Safari/537.36"
162.158.63.247 - - [11/Oct/2017:12:10:33 -0400] "GET /static/admin/js/admin/DateTimeShortcuts.js HTTP/1.1" 404 209 "https://elostat.com/admin/scrapeSBRodds/game/2566/change/" "Mozilla/5.0 (Macintosh; Intel Mac OS X 10_13_0) AppleWebKit/537.36 (KHTML, like Gecko) Chrome/61.0.3163.100 Safari/537.36"
108.162.219.25 - - [11/Oct/2017:12:10:33 -0400] "GET /static/admin/js/change_form.js HTTP/1.1" 404 209 "https://elostat.com/admin/scrapeSBRodds/game/2566/change/" "Mozilla/5.0 (Macintosh; Intel Mac OS X 10_13_0) AppleWebKit/537.36 (KHTML, like Gecko) Chrome/61.0.3163.100 Safari/537.36"
162.158.62.168 - - [11/Oct/2017:12:10:33 -0400] "GET /static/admin/js/jquery.init.js HTTP/1.1" 404 209 "https://elostat.com/admin/scrapeSBRodds/game/2566/change/" "Mozilla/5.0 (Macintosh; Intel Mac OS X 10_13_0) AppleWebKit/537.36 (KHTML, like Gecko) Chrome/61.0.3163.100 Safari/537.36"
108.162.219.25 - - [11/Oct/2017:12:10:33 -0400] "GET /static/admin/js/admin/RelatedObjectLookups.js HTTP/1.1" 404 209 "https://elostat.com/admin/scrapeSBRodds/game/2566/change/" "Mozilla/5.0 (Macintosh; Intel Mac OS X 10_13_0) AppleWebKit/537.36 (KHTML, like Gecko) Chrome/61.0.3163.100 Safari/537.36"
108.162.219.97 - - [11/Oct/2017:12:10:33 -0400] "GET /static/admin/js/urlify.js HTTP/1.1" 404 209 "https://elostat.com/admin/scrapeSBRodds/game/2566/change/" "Mozilla/5.0 (Macintosh; Intel Mac OS X 10_13_0) AppleWebKit/537.36 (KHTML, like Gecko) Chrome/61.0.3163.100 Safari/537.36"
162.158.62.24 - - [11/Oct/2017:12:10:33 -0400] "GET /static/admin/js/vendor/xregexp/xregexp.js HTTP/1.1" 404 209 "https://elostat.com/admin/scrapeSBRodds/game/2566/change/" "Mozilla/5.0 (Macintosh; Intel Mac OS X 10_13_0) AppleWebKit/537.36 (KHTML, like Gecko) Chrome/61.0.3163.100 Safari/537.36"
162.158.63.55 - - [11/Oct/2017:12:10:33 -0400] "GET /static/admin/js/actions.js HTTP/1.1" 404 209 "https://elostat.com/admin/scrapeSBRodds/game/2566/change/" "Mozilla/5.0 (Macintosh; Intel Mac OS X 10_13_0) AppleWebKit/537.36 (KHTML, like Gecko) Chrome/61.0.3163.100 Safari/537.36"
108.162.219.103 - - [11/Oct/2017:12:10:33 -0400] "GET /admin/jsi18n/ HTTP/1.1" 200 3189 "https://elostat.com/admin/scrapeSBRodds/game/2566/change/" "Mozilla/5.0 (Macintosh; Intel Mac OS X 10_13_0) AppleWebKit/537.36 (KHTML, like Gecko) Chrome/61.0.3163.100 Safari/537.36"
108.162.219.103 - - [11/Oct/2017:12:10:59 -0400] "GET /outcomes HTTP/1.1" 500 61163 "-" "Mozilla/5.0 (Macintosh; Intel Mac OS X 10_13_0) AppleWebKit/537.36 (KHTML, like Gecko) Chrome/61.0.3163.100 Safari/537.36"
108.162.219.103 - - [11/Oct/2017:12:11:16 -0400] "GET /outcomes HTTP/1.1" 200 624 "-" "Mozilla/5.0 (Macintosh; Intel Mac OS X 10_13_0) AppleWebKit/537.36 (KHTML, like Gecko) Chrome/61.0.3163.100 Safari/537.36"
108.162.219.103 - - [11/Oct/2017:12:11:19 -0400] "GET /outcomes HTTP/1.1" 200 624 "-" "Mozilla/5.0 (Macintosh; Intel Mac OS X 10_13_0) AppleWebKit/537.36 (KHTML, like Gecko) Chrome/61.0.3163.100 Safari/537.36"
108.162.219.103 - - [11/Oct/2017:12:11:25 -0400] "GET /outcomes/Oct.%204,%202017 HTTP/1.1" 500 61360 "https://elostat.com/outcomes" "Mozilla/5.0 (Macintosh; Intel Mac OS X 10_13_0) AppleWebKit/537.36 (KHTML, like Gecko) Chrome/61.0.3163.100 Safari/537.36"
108.162.219.103 - - [11/Oct/2017:12:12:02 -0400] "GET /outcomes HTTP/1.1" 200 621 "-" "Mozilla/5.0 (Macintosh; Intel Mac OS X 10_13_0) AppleWebKit/537.36 (KHTML, like Gecko) Chrome/61.0.3163.100 Safari/537.36"
108.162.219.103 - - [11/Oct/2017:12:12:20 -0400] "GET /outcomes HTTP/1.1" 200 645 "-" "Mozilla/5.0 (Macintosh; Intel Mac OS X 10_13_0) AppleWebKit/537.36 (KHTML, like Gecko) Chrome/61.0.3163.100 Safari/537.36"
108.162.219.103 - - [11/Oct/2017:12:13:05 -0400] "GET /outcomes HTTP/1.1" 500 61163 "-" "Mozilla/5.0 (Macintosh; Intel Mac OS X 10_13_0) AppleWebKit/537.36 (KHTML, like Gecko) Chrome/61.0.3163.100 Safari/537.36"
108.162.219.103 - - [11/Oct/2017:12:13:09 -0400] "GET /outcomes HTTP/1.1" 200 673 "-" "Mozilla/5.0 (Macintosh; Intel Mac OS X 10_13_0) AppleWebKit/537.36 (KHTML, like Gecko) Chrome/61.0.3163.100 Safari/537.36"
108.162.219.103 - - [11/Oct/2017:12:13:59 -0400] "GET /outcomes HTTP/1.1" 200 681 "-" "Mozilla/5.0 (Macintosh; Intel Mac OS X 10_13_0) AppleWebKit/537.36 (KHTML, like Gecko) Chrome/61.0.3163.100 Safari/537.36"
108.162.219.31 - - [11/Oct/2017:12:13:59 -0400] "GET /elostat.png HTTP/1.1" 404 1022 "https://elostat.com/outcomes" "Mozilla/5.0 (Macintosh; Intel Mac OS X 10_13_0) AppleWebKit/537.36 (KHTML, like Gecko) Chrome/61.0.3163.100 Safari/537.36"
108.162.219.103 - - [11/Oct/2017:12:14:04 -0400] "GET /outcomes HTTP/1.1" 200 681 "-" "Mozilla/5.0 (Macintosh; Intel Mac OS X 10_13_0) AppleWebKit/537.36 (KHTML, like Gecko) Chrome/61.0.3163.100 Safari/537.36"
108.162.219.103 - - [11/Oct/2017:12:14:25 -0400] "GET /outcomes HTTP/1.1" 200 670 "-" "Mozilla/5.0 (Macintosh; Intel Mac OS X 10_13_0) AppleWebKit/537.36 (KHTML, like Gecko) Chrome/61.0.3163.100 Safari/537.36"
108.162.219.103 - - [11/Oct/2017:12:14:28 -0400] "GET /outcomes HTTP/1.1" 500 61289 "-" "Mozilla/5.0 (Macintosh; Intel Mac OS X 10_13_0) AppleWebKit/537.36 (KHTML, like Gecko) Chrome/61.0.3163.100 Safari/537.36"
108.162.219.103 - - [11/Oct/2017:12:14:31 -0400] "GET /outcomes HTTP/1.1" 500 61289 "-" "Mozilla/5.0 (Macintosh; Intel Mac OS X 10_13_0) AppleWebKit/537.36 (KHTML, like Gecko) Chrome/61.0.3163.100 Safari/537.36"
108.162.219.103 - - [11/Oct/2017:12:14:34 -0400] "GET /outcomes HTTP/1.1" 200 670 "-" "Mozilla/5.0 (Macintosh; Intel Mac OS X 10_13_0) AppleWebKit/537.36 (KHTML, like Gecko) Chrome/61.0.3163.100 Safari/537.36"
108.162.219.103 - - [11/Oct/2017:12:15:42 -0400] "GET /outcomes HTTP/1.1" 500 61289 "-" "Mozilla/5.0 (Macintosh; Intel Mac OS X 10_13_0) AppleWebKit/537.36 (KHTML, like Gecko) Chrome/61.0.3163.100 Safari/537.36"
108.162.219.103 - - [11/Oct/2017:12:15:58 -0400] "GET /outcomes HTTP/1.1" 200 674 "-" "Mozilla/5.0 (Macintosh; Intel Mac OS X 10_13_0) AppleWebKit/537.36 (KHTML, like Gecko) Chrome/61.0.3163.100 Safari/537.36"
108.162.219.31 - - [11/Oct/2017:12:16:23 -0400] "GET /elostat.png HTTP/1.1" 404 1022 "https://elostat.com/outcomes/20171009" "Mozilla/5.0 (Macintosh; Intel Mac OS X 10_13_0) AppleWebKit/537.36 (KHTML, like Gecko) Chrome/61.0.3163.100 Safari/537.36"
162.158.62.102 - - [11/Oct/2017:12:16:23 -0400] "GET /baseball.png HTTP/1.1" 404 1025 "https://elostat.com/outcomes/20171009" "Mozilla/5.0 (Macintosh; Intel Mac OS X 10_13_0) AppleWebKit/537.36 (KHTML, like Gecko) Chrome/61.0.3163.100 Safari/537.36"
108.162.219.103 - - [11/Oct/2017:12:16:29 -0400] "GET /outcomes/20171009 HTTP/1.1" 200 674 "-" "Mozilla/5.0 (Macintosh; Intel Mac OS X 10_13_0) AppleWebKit/537.36 (KHTML, like Gecko) Chrome/61.0.3163.100 Safari/537.36"
108.162.219.31 - - [11/Oct/2017:12:16:29 -0400] "GET /elostat.png HTTP/1.1" 404 1022 "https://elostat.com/outcomes/20171009" "Mozilla/5.0 (Macintosh; Intel Mac OS X 10_13_0) AppleWebKit/537.36 (KHTML, like Gecko) Chrome/61.0.3163.100 Safari/537.36"
108.162.219.103 - - [11/Oct/2017:12:18:04 -0400] "GET /outcomes/20171009 HTTP/1.1" 500 61136 "-" "Mozilla/5.0 (Macintosh; Intel Mac OS X 10_13_0) AppleWebKit/537.36 (KHTML, like Gecko) Chrome/61.0.3163.100 Safari/537.36"
108.162.219.103 - - [11/Oct/2017:12:18:14 -0400] "GET /outcomes/ HTTP/1.1" 200 674 "-" "Mozilla/5.0 (Macintosh; Intel Mac OS X 10_13_0) AppleWebKit/537.36 (KHTML, like Gecko) Chrome/61.0.3163.100 Safari/537.36"
108.162.219.31 - - [11/Oct/2017:12:18:14 -0400] "GET /elostat.png HTTP/1.1" 404 1022 "https://elostat.com/outcomes/" "Mozilla/5.0 (Macintosh; Intel Mac OS X 10_13_0) AppleWebKit/537.36 (KHTML, like Gecko) Chrome/61.0.3163.100 Safari/537.36"
108.162.219.103 - - [11/Oct/2017:12:19:09 -0400] "GET /outcomes/ HTTP/1.1" 200 673 "-" "Mozilla/5.0 (Macintosh; Intel Mac OS X 10_13_0) AppleWebKit/537.36 (KHTML, like Gecko) Chrome/61.0.3163.100 Safari/537.36"
162.158.62.168 - - [11/Oct/2017:12:19:09 -0400] "GET /outcomes/elostat.png HTTP/1.1" 200 673 "https://elostat.com/outcomes/" "Mozilla/5.0 (Macintosh; Intel Mac OS X 10_13_0) AppleWebKit/537.36 (KHTML, like Gecko) Chrome/61.0.3163.100 Safari/537.36"
108.162.219.103 - - [11/Oct/2017:12:19:16 -0400] "GET /outcomes/ HTTP/1.1" 200 673 "-" "Mozilla/5.0 (Macintosh; Intel Mac OS X 10_13_0) AppleWebKit/537.36 (KHTML, like Gecko) Chrome/61.0.3163.100 Safari/537.36"
108.162.219.103 - - [11/Oct/2017:12:19:34 -0400] "GET /outcomes/ HTTP/1.1" 500 61301 "-" "Mozilla/5.0 (Macintosh; Intel Mac OS X 10_13_0) AppleWebKit/537.36 (KHTML, like Gecko) Chrome/61.0.3163.100 Safari/537.36"
108.162.219.103 - - [11/Oct/2017:12:19:37 -0400] "GET /outcomes/ HTTP/1.1" 200 683 "-" "Mozilla/5.0 (Macintosh; Intel Mac OS X 10_13_0) AppleWebKit/537.36 (KHTML, like Gecko) Chrome/61.0.3163.100 Safari/537.36"
108.162.219.103 - - [11/Oct/2017:12:20:01 -0400] "GET /outcomes/ HTTP/1.1" 200 683 "-" "Mozilla/5.0 (Macintosh; Intel Mac OS X 10_13_0) AppleWebKit/537.36 (KHTML, like Gecko) Chrome/61.0.3163.100 Safari/537.36"
108.162.219.31 - - [11/Oct/2017:12:20:01 -0400] "GET /elostat.png HTTP/1.1" 404 1022 "https://elostat.com/outcomes/" "Mozilla/5.0 (Macintosh; Intel Mac OS X 10_13_0) AppleWebKit/537.36 (KHTML, like Gecko) Chrome/61.0.3163.100 Safari/537.36"
108.162.219.103 - - [11/Oct/2017:12:21:57 -0400] "GET /outcomes/ HTTP/1.1" 200 687 "-" "Mozilla/5.0 (Macintosh; Intel Mac OS X 10_13_0) AppleWebKit/537.36 (KHTML, like Gecko) Chrome/61.0.3163.100 Safari/537.36"
162.158.62.240 - - [11/Oct/2017:12:21:57 -0400] "GET /static/elostat.png HTTP/1.1" 404 209 "https://elostat.com/outcomes/" "Mozilla/5.0 (Macintosh; Intel Mac OS X 10_13_0) AppleWebKit/537.36 (KHTML, like Gecko) Chrome/61.0.3163.100 Safari/537.36"
108.162.219.103 - - [11/Oct/2017:12:23:24 -0400] "GET /outcomes/ HTTP/1.1" 200 687 "-" "Mozilla/5.0 (Macintosh; Intel Mac OS X 10_13_0) AppleWebKit/537.36 (KHTML, like Gecko) Chrome/61.0.3163.100 Safari/537.36"
108.162.219.103 - - [11/Oct/2017:12:24:08 -0400] "GET /outcomes/ HTTP/1.1" 200 687 "-" "Mozilla/5.0 (Macintosh; Intel Mac OS X 10_13_0) AppleWebKit/537.36 (KHTML, like Gecko) Chrome/61.0.3163.100 Safari/537.36"
108.162.219.103 - - [11/Oct/2017:12:24:26 -0400] "GET /outcomes/ HTTP/1.1" 200 688 "-" "Mozilla/5.0 (Macintosh; Intel Mac OS X 10_13_0) AppleWebKit/537.36 (KHTML, like Gecko) Chrome/61.0.3163.100 Safari/537.36"
162.158.63.19 - - [11/Oct/2017:12:24:26 -0400] "GET /media/elostat.png HTTP/1.1" 404 1026 "https://elostat.com/outcomes/" "Mozilla/5.0 (Macintosh; Intel Mac OS X 10_13_0) AppleWebKit/537.36 (KHTML, like Gecko) Chrome/61.0.3163.100 Safari/537.36"
108.162.219.103 - - [11/Oct/2017:12:25:58 -0400] "GET /outcomes/ HTTP/1.1" 200 688 "-" "Mozilla/5.0 (Macintosh; Intel Mac OS X 10_13_0) AppleWebKit/537.36 (KHTML, like Gecko) Chrome/61.0.3163.100 Safari/537.36"
108.162.219.103 - - [11/Oct/2017:12:27:26 -0400] "GET /outcomes/ HTTP/1.1" 500 114606 "-" "Mozilla/5.0 (Macintosh; Intel Mac OS X 10_13_0) AppleWebKit/537.36 (KHTML, like Gecko) Chrome/61.0.3163.100 Safari/537.36"
108.162.219.103 - - [11/Oct/2017:12:30:07 -0400] "GET /outcomes/ HTTP/1.1" 500 114775 "-" "Mozilla/5.0 (Macintosh; Intel Mac OS X 10_13_0) AppleWebKit/537.36 (KHTML, like Gecko) Chrome/61.0.3163.100 Safari/537.36"
108.162.219.103 - - [11/Oct/2017:12:31:42 -0400] "GET /outcomes/ HTTP/1.1" 200 689 "-" "Mozilla/5.0 (Macintosh; Intel Mac OS X 10_13_0) AppleWebKit/537.36 (KHTML, like Gecko) Chrome/61.0.3163.100 Safari/537.36"
162.158.62.240 - - [11/Oct/2017:12:31:42 -0400] "GET /static/elostat.png HTTP/1.1" 404 209 "https://elostat.com/outcomes/" "Mozilla/5.0 (Macintosh; Intel Mac OS X 10_13_0) AppleWebKit/537.36 (KHTML, like Gecko) Chrome/61.0.3163.100 Safari/537.36"
108.162.219.103 - - [11/Oct/2017:12:32:31 -0400] "GET /outcomes/ HTTP/1.1" 200 689 "-" "Mozilla/5.0 (Macintosh; Intel Mac OS X 10_13_0) AppleWebKit/537.36 (KHTML, like Gecko) Chrome/61.0.3163.100 Safari/537.36"
108.162.219.103 - - [11/Oct/2017:12:32:39 -0400] "GET /outcomes/ HTTP/1.1" 200 691 "-" "Mozilla/5.0 (Macintosh; Intel Mac OS X 10_13_0) AppleWebKit/537.36 (KHTML, like Gecko) Chrome/61.0.3163.100 Safari/537.36"
162.158.63.19 - - [11/Oct/2017:12:32:39 -0400] "GET /media/elostat.png HTTP/1.1" 404 1026 "https://elostat.com/outcomes/" "Mozilla/5.0 (Macintosh; Intel Mac OS X 10_13_0) AppleWebKit/537.36 (KHTML, like Gecko) Chrome/61.0.3163.100 Safari/537.36"
108.162.219.103 - - [11/Oct/2017:12:33:57 -0400] "GET /outcomes/ HTTP/1.1" 200 691 "-" "Mozilla/5.0 (Macintosh; Intel Mac OS X 10_13_0) AppleWebKit/537.36 (KHTML, like Gecko) Chrome/61.0.3163.100 Safari/537.36"
108.162.219.103 - - [11/Oct/2017:12:34:13 -0400] "GET /outcomes/ HTTP/1.1" 200 691 "-" "Mozilla/5.0 (Macintosh; Intel Mac OS X 10_13_0) AppleWebKit/537.36 (KHTML, like Gecko) Chrome/61.0.3163.100 Safari/537.36"
108.162.219.103 - - [11/Oct/2017:12:35:27 -0400] "GET /outcomes/ HTTP/1.1" 200 691 "-" "Mozilla/5.0 (Macintosh; Intel Mac OS X 10_13_0) AppleWebKit/537.36 (KHTML, like Gecko) Chrome/61.0.3163.100 Safari/537.36"
108.162.219.103 - - [11/Oct/2017:12:43:14 -0400] "GET /outcomes/ HTTP/1.1" 200 691 "-" "Mozilla/5.0 (Macintosh; Intel Mac OS X 10_13_0) AppleWebKit/537.36 (KHTML, like Gecko) Chrome/61.0.3163.100 Safari/537.36"
162.158.63.19 - - [11/Oct/2017:12:43:15 -0400] "GET /media/elostat.png HTTP/1.1" 404 1026 "https://elostat.com/outcomes/" "Mozilla/5.0 (Macintosh; Intel Mac OS X 10_13_0) AppleWebKit/537.36 (KHTML, like Gecko) Chrome/61.0.3163.100 Safari/537.36"
108.162.219.103 - - [11/Oct/2017:12:48:13 -0400] "GET /outcomes/ HTTP/1.1" 200 693 "-" "Mozilla/5.0 (Macintosh; Intel Mac OS X 10_13_0) AppleWebKit/537.36 (KHTML, like Gecko) Chrome/61.0.3163.100 Safari/537.36"
162.158.63.19 - - [11/Oct/2017:12:48:13 -0400] "GET /media/elostat.png HTTP/1.1" 404 1026 "https://elostat.com/outcomes/" "Mozilla/5.0 (Macintosh; Intel Mac OS X 10_13_0) AppleWebKit/537.36 (KHTML, like Gecko) Chrome/61.0.3163.100 Safari/537.36"
108.162.219.103 - - [11/Oct/2017:12:49:38 -0400] "GET /outcomes/ HTTP/1.1" 200 694 "-" "Mozilla/5.0 (Macintosh; Intel Mac OS X 10_13_0) AppleWebKit/537.36 (KHTML, like Gecko) Chrome/61.0.3163.100 Safari/537.36"
108.162.219.103 - - [11/Oct/2017:12:49:42 -0400] "GET /outcomes/20171008 HTTP/1.1" 200 694 "https://elostat.com/outcomes/" "Mozilla/5.0 (Macintosh; Intel Mac OS X 10_13_0) AppleWebKit/537.36 (KHTML, like Gecko) Chrome/61.0.3163.100 Safari/537.36"
108.162.219.103 - - [11/Oct/2017:12:49:49 -0400] "GET /outcomes/20171008 HTTP/1.1" 200 694 "https://elostat.com/outcomes/20171008" "Mozilla/5.0 (Macintosh; Intel Mac OS X 10_13_0) AppleWebKit/537.36 (KHTML, like Gecko) Chrome/61.0.3163.100 Safari/537.36"
108.162.219.103 - - [11/Oct/2017:12:49:52 -0400] "GET /outcomes/20171005 HTTP/1.1" 200 694 "https://elostat.com/outcomes/20171008" "Mozilla/5.0 (Macintosh; Intel Mac OS X 10_13_0) AppleWebKit/537.36 (KHTML, like Gecko) Chrome/61.0.3163.100 Safari/537.36"
108.162.219.103 - - [11/Oct/2017:12:50:13 -0400] "GET /outcomes/20171005 HTTP/1.1" 200 694 "-" "Mozilla/5.0 (Macintosh; Intel Mac OS X 10_13_0) AppleWebKit/537.36 (KHTML, like Gecko) Chrome/61.0.3163.100 Safari/537.36"
108.162.219.103 - - [11/Oct/2017:12:50:16 -0400] "GET /outcomes/20171004 HTTP/1.1" 200 694 "https://elostat.com/outcomes/20171005" "Mozilla/5.0 (Macintosh; Intel Mac OS X 10_13_0) AppleWebKit/537.36 (KHTML, like Gecko) Chrome/61.0.3163.100 Safari/537.36"
108.162.219.103 - - [11/Oct/2017:12:50:43 -0400] "GET /outcomes/20171004 HTTP/1.1" 200 697 "https://elostat.com/outcomes/20171005" "Mozilla/5.0 (Macintosh; Intel Mac OS X 10_13_0) AppleWebKit/537.36 (KHTML, like Gecko) Chrome/61.0.3163.100 Safari/537.36"
108.162.219.103 - - [11/Oct/2017:12:50:45 -0400] "GET /outcomes/games/20171006 HTTP/1.1" 200 697 "https://elostat.com/outcomes/20171004" "Mozilla/5.0 (Macintosh; Intel Mac OS X 10_13_0) AppleWebKit/537.36 (KHTML, like Gecko) Chrome/61.0.3163.100 Safari/537.36"
108.162.219.103 - - [11/Oct/2017:12:50:53 -0400] "GET /outcomes/games/20171009 HTTP/1.1" 200 697 "https://elostat.com/outcomes/games/20171006" "Mozilla/5.0 (Macintosh; Intel Mac OS X 10_13_0) AppleWebKit/537.36 (KHTML, like Gecko) Chrome/61.0.3163.100 Safari/537.36"
108.162.219.103 - - [11/Oct/2017:12:51:21 -0400] "GET /outcomes/games/20171009 HTTP/1.1" 200 694 "https://elostat.com/outcomes/games/20171006" "Mozilla/5.0 (Macintosh; Intel Mac OS X 10_13_0) AppleWebKit/537.36 (KHTML, like Gecko) Chrome/61.0.3163.100 Safari/537.36"
162.158.63.19 - - [11/Oct/2017:12:51:21 -0400] "GET /media/elostat.png HTTP/1.1" 404 1026 "https://elostat.com/outcomes/games/20171009" "Mozilla/5.0 (Macintosh; Intel Mac OS X 10_13_0) AppleWebKit/537.36 (KHTML, like Gecko) Chrome/61.0.3163.100 Safari/537.36"
108.162.219.103 - - [11/Oct/2017:12:51:24 -0400] "GET /outcomes/20171004 HTTP/1.1" 200 694 "https://elostat.com/outcomes/games/20171009" "Mozilla/5.0 (Macintosh; Intel Mac OS X 10_13_0) AppleWebKit/537.36 (KHTML, like Gecko) Chrome/61.0.3163.100 Safari/537.36"
108.162.219.103 - - [11/Oct/2017:12:51:35 -0400] "GET /outcomes/20171004 HTTP/1.1" 404 1035 "https://elostat.com/outcomes/games/20171009" "Mozilla/5.0 (Macintosh; Intel Mac OS X 10_13_0) AppleWebKit/537.36 (KHTML, like Gecko) Chrome/61.0.3163.100 Safari/537.36"
108.162.219.103 - - [11/Oct/2017:12:51:53 -0400] "GET /outcomes/20171004 HTTP/1.1" 200 543 "https://elostat.com/outcomes/games/20171009" "Mozilla/5.0 (Macintosh; Intel Mac OS X 10_13_0) AppleWebKit/537.36 (KHTML, like Gecko) Chrome/61.0.3163.100 Safari/537.36"
108.162.219.31 - - [11/Oct/2017:12:51:53 -0400] "GET /elostat.png HTTP/1.1" 404 1029 "https://elostat.com/outcomes/20171004" "Mozilla/5.0 (Macintosh; Intel Mac OS X 10_13_0) AppleWebKit/537.36 (KHTML, like Gecko) Chrome/61.0.3163.100 Safari/537.36"
162.158.62.102 - - [11/Oct/2017:12:51:53 -0400] "GET /baseball.png HTTP/1.1" 404 1031 "https://elostat.com/outcomes/20171004" "Mozilla/5.0 (Macintosh; Intel Mac OS X 10_13_0) AppleWebKit/537.36 (KHTML, like Gecko) Chrome/61.0.3163.100 Safari/537.36"
108.162.219.103 - - [11/Oct/2017:12:52:05 -0400] "GET /outcomes/20171009 HTTP/1.1" 200 631 "https://elostat.com/outcomes/games/20171009" "Mozilla/5.0 (Macintosh; Intel Mac OS X 10_13_0) AppleWebKit/537.36 (KHTML, like Gecko) Chrome/61.0.3163.100 Safari/537.36"
108.162.219.103 - - [11/Oct/2017:12:52:12 -0400] "GET /outcomes HTTP/1.1" 404 1024 "-" "Mozilla/5.0 (Macintosh; Intel Mac OS X 10_13_0) AppleWebKit/537.36 (KHTML, like Gecko) Chrome/61.0.3163.100 Safari/537.36"
108.162.219.103 - - [11/Oct/2017:12:52:20 -0400] "GET /outcomes HTTP/1.1" 404 1021 "-" "Mozilla/5.0 (Macintosh; Intel Mac OS X 10_13_0) AppleWebKit/537.36 (KHTML, like Gecko) Chrome/61.0.3163.100 Safari/537.36"
108.162.219.103 - - [11/Oct/2017:12:52:30 -0400] "GET /outcomes HTTP/1.1" 404 1024 "-" "Mozilla/5.0 (Macintosh; Intel Mac OS X 10_13_0) AppleWebKit/537.36 (KHTML, like Gecko) Chrome/61.0.3163.100 Safari/537.36"
108.162.219.103 - - [11/Oct/2017:12:52:40 -0400] "GET /outcomes HTTP/1.1" 200 694 "-" "Mozilla/5.0 (Macintosh; Intel Mac OS X 10_13_0) AppleWebKit/537.36 (KHTML, like Gecko) Chrome/61.0.3163.100 Safari/537.36"
108.162.219.103 - - [11/Oct/2017:12:52:43 -0400] "GET /outcomes/20171005 HTTP/1.1" 200 577 "https://elostat.com/outcomes" "Mozilla/5.0 (Macintosh; Intel Mac OS X 10_13_0) AppleWebKit/537.36 (KHTML, like Gecko) Chrome/61.0.3163.100 Safari/537.36"
108.162.219.103 - - [11/Oct/2017:12:54:21 -0400] "GET /outcomes/20171005 HTTP/1.1" 200 609 "https://elostat.com/outcomes" "Mozilla/5.0 (Macintosh; Intel Mac OS X 10_13_0) AppleWebKit/537.36 (KHTML, like Gecko) Chrome/61.0.3163.100 Safari/537.36"
108.162.219.103 - - [11/Oct/2017:12:54:23 -0400] "GET /outcomes HTTP/1.1" 200 696 "https://elostat.com/outcomes/20171005" "Mozilla/5.0 (Macintosh; Intel Mac OS X 10_13_0) AppleWebKit/537.36 (KHTML, like Gecko) Chrome/61.0.3163.100 Safari/537.36"
162.158.63.19 - - [11/Oct/2017:12:54:23 -0400] "GET /media/elostat.png HTTP/1.1" 404 1026 "https://elostat.com/outcomes" "Mozilla/5.0 (Macintosh; Intel Mac OS X 10_13_0) AppleWebKit/537.36 (KHTML, like Gecko) Chrome/61.0.3163.100 Safari/537.36"
108.162.219.103 - - [11/Oct/2017:12:54:26 -0400] "GET /outcomes/20171006 HTTP/1.1" 200 658 "https://elostat.com/outcomes" "Mozilla/5.0 (Macintosh; Intel Mac OS X 10_13_0) AppleWebKit/537.36 (KHTML, like Gecko) Chrome/61.0.3163.100 Safari/537.36"
108.162.219.103 - - [11/Oct/2017:12:54:40 -0400] "GET / HTTP/1.1" 404 1006 "-" "Mozilla/5.0 (Macintosh; Intel Mac OS X 10_13_0) AppleWebKit/537.36 (KHTML, like Gecko) Chrome/61.0.3163.100 Safari/537.36"
108.162.219.103 - - [11/Oct/2017:12:55:04 -0400] "GET / HTTP/1.1" 404 1006 "-" "Mozilla/5.0 (Macintosh; Intel Mac OS X 10_13_0) AppleWebKit/537.36 (KHTML, like Gecko) Chrome/61.0.3163.100 Safari/537.36"
108.162.219.103 - - [11/Oct/2017:12:55:13 -0400] "GET / HTTP/1.1" 200 696 "-" "Mozilla/5.0 (Macintosh; Intel Mac OS X 10_13_0) AppleWebKit/537.36 (KHTML, like Gecko) Chrome/61.0.3163.100 Safari/537.36"
108.162.219.103 - - [11/Oct/2017:12:55:16 -0400] "GET /outcomes/20171003 HTTP/1.1" 200 580 "https://elostat.com/" "Mozilla/5.0 (Macintosh; Intel Mac OS X 10_13_0) AppleWebKit/537.36 (KHTML, like Gecko) Chrome/61.0.3163.100 Safari/537.36"
108.162.219.31 - - [11/Oct/2017:12:55:16 -0400] "GET /elostat.png HTTP/1.1" 404 1032 "https://elostat.com/outcomes/20171003" "Mozilla/5.0 (Macintosh; Intel Mac OS X 10_13_0) AppleWebKit/537.36 (KHTML, like Gecko) Chrome/61.0.3163.100 Safari/537.36"
162.158.62.102 - - [11/Oct/2017:12:55:16 -0400] "GET /baseball.png HTTP/1.1" 404 1034 "https://elostat.com/outcomes/20171003" "Mozilla/5.0 (Macintosh; Intel Mac OS X 10_13_0) AppleWebKit/537.36 (KHTML, like Gecko) Chrome/61.0.3163.100 Safari/537.36"
108.162.219.103 - - [11/Oct/2017:12:55:18 -0400] "GET /outcomes HTTP/1.1" 200 696 "https://elostat.com/outcomes/20171003" "Mozilla/5.0 (Macintosh; Intel Mac OS X 10_13_0) AppleWebKit/537.36 (KHTML, like Gecko) Chrome/61.0.3163.100 Safari/537.36"
108.162.219.103 - - [11/Oct/2017:12:56:20 -0400] "GET /outcomes/20171004 HTTP/1.1" 200 579 "https://elostat.com/outcomes" "Mozilla/5.0 (Macintosh; Intel Mac OS X 10_13_0) AppleWebKit/537.36 (KHTML, like Gecko) Chrome/61.0.3163.100 Safari/537.36"
108.162.219.103 - - [11/Oct/2017:12:56:39 -0400] "GET /outcomes HTTP/1.1" 200 696 "https://elostat.com/outcomes/20171004" "Mozilla/5.0 (Macintosh; Intel Mac OS X 10_13_0) AppleWebKit/537.36 (KHTML, like Gecko) Chrome/61.0.3163.100 Safari/537.36"
108.162.219.13 - - [11/Oct/2017:12:57:05 -0400] "GET / HTTP/1.1" 200 696 "-" "Mozilla/5.0 (X11; Linux x86_64) AppleWebKit/537.36 (KHTML, like Gecko) Chrome/61.0.3163.100 Safari/537.36"
108.162.219.73 - - [11/Oct/2017:12:57:05 -0400] "GET /favicon.ico HTTP/1.1" 404 1032 "https://elostat.com/" "Mozilla/5.0 (X11; Linux x86_64) AppleWebKit/537.36 (KHTML, like Gecko) Chrome/61.0.3163.100 Safari/537.36"
108.162.219.103 - - [11/Oct/2017:12:57:10 -0400] "GET /outcomes HTTP/1.1" 200 696 "https://elostat.com/outcomes/20171004" "Mozilla/5.0 (Macintosh; Intel Mac OS X 10_13_0) AppleWebKit/537.36 (KHTML, like Gecko) Chrome/61.0.3163.100 Safari/537.36"
108.162.219.103 - - [11/Oct/2017:12:57:20 -0400] "GET /media/ HTTP/1.1" 404 1029 "-" "Mozilla/5.0 (Macintosh; Intel Mac OS X 10_13_0) AppleWebKit/537.36 (KHTML, like Gecko) Chrome/61.0.3163.100 Safari/537.36"
108.162.219.13 - - [11/Oct/2017:12:57:27 -0400] "GET /outcomes/20171008 HTTP/1.1" 200 615 "https://elostat.com/" "Mozilla/5.0 (X11; Linux x86_64) AppleWebKit/537.36 (KHTML, like Gecko) Chrome/61.0.3163.100 Safari/537.36"
108.162.219.13 - - [11/Oct/2017:12:57:30 -0400] "GET /outcomes HTTP/1.1" 200 696 "https://elostat.com/outcomes/20171008" "Mozilla/5.0 (X11; Linux x86_64) AppleWebKit/537.36 (KHTML, like Gecko) Chrome/61.0.3163.100 Safari/537.36"
162.158.63.19 - - [11/Oct/2017:12:57:30 -0400] "GET /media/elostat.png HTTP/1.1" 404 1035 "https://elostat.com/outcomes" "Mozilla/5.0 (X11; Linux x86_64) AppleWebKit/537.36 (KHTML, like Gecko) Chrome/61.0.3163.100 Safari/537.36"
108.162.219.103 - - [11/Oct/2017:12:57:56 -0400] "GET /outcomes HTTP/1.1" 200 696 "https://elostat.com/outcomes/20171004" "Mozilla/5.0 (Macintosh; Intel Mac OS X 10_13_0) AppleWebKit/537.36 (KHTML, like Gecko) Chrome/61.0.3163.100 Safari/537.36"
108.162.219.103 - - [11/Oct/2017:12:58:12 -0400] "GET /outcomes HTTP/1.1" 200 696 "https://elostat.com/outcomes/20171004" "Mozilla/5.0 (Macintosh; Intel Mac OS X 10_13_0) AppleWebKit/537.36 (KHTML, like Gecko) Chrome/61.0.3163.100 Safari/537.36"
108.162.219.103 - - [11/Oct/2017:13:00:44 -0400] "GET /outcomes HTTP/1.1" 200 696 "https://elostat.com/outcomes/20171004" "Mozilla/5.0 (Macintosh; Intel Mac OS X 10_13_0) AppleWebKit/537.36 (KHTML, like Gecko) Chrome/61.0.3163.100 Safari/537.36"
162.158.63.19 - - [11/Oct/2017:13:00:44 -0400] "GET /media/elostat.png HTTP/1.1" 404 114 "https://elostat.com/outcomes" "Mozilla/5.0 (Macintosh; Intel Mac OS X 10_13_0) AppleWebKit/537.36 (KHTML, like Gecko) Chrome/61.0.3163.100 Safari/537.36"
108.162.219.103 - - [11/Oct/2017:13:00:47 -0400] "GET /outcomes/20171004 HTTP/1.1" 200 579 "https://elostat.com/outcomes" "Mozilla/5.0 (Macintosh; Intel Mac OS X 10_13_0) AppleWebKit/537.36 (KHTML, like Gecko) Chrome/61.0.3163.100 Safari/537.36"
162.158.62.102 - - [11/Oct/2017:13:00:47 -0400] "GET /baseball.png HTTP/1.1" 404 111 "https://elostat.com/outcomes/20171004" "Mozilla/5.0 (Macintosh; Intel Mac OS X 10_13_0) AppleWebKit/537.36 (KHTML, like Gecko) Chrome/61.0.3163.100 Safari/537.36"
108.162.219.31 - - [11/Oct/2017:13:00:47 -0400] "GET /elostat.png HTTP/1.1" 404 110 "https://elostat.com/outcomes/20171004" "Mozilla/5.0 (Macintosh; Intel Mac OS X 10_13_0) AppleWebKit/537.36 (KHTML, like Gecko) Chrome/61.0.3163.100 Safari/537.36"
108.162.219.103 - - [11/Oct/2017:13:00:49 -0400] "GET /outcomes/20171004 HTTP/1.1" 200 579 "https://elostat.com/outcomes" "Mozilla/5.0 (Macintosh; Intel Mac OS X 10_13_0) AppleWebKit/537.36 (KHTML, like Gecko) Chrome/61.0.3163.100 Safari/537.36"
108.162.219.103 - - [11/Oct/2017:13:01:48 -0400] "GET /outcomes/20171004 HTTP/1.1" 200 579 "https://elostat.com/outcomes" "Mozilla/5.0 (Macintosh; Intel Mac OS X 10_13_0) AppleWebKit/537.36 (KHTML, like Gecko) Chrome/61.0.3163.100 Safari/537.36"
108.162.219.103 - - [11/Oct/2017:13:02:08 -0400] "GET /outcomes/20171004 HTTP/1.1" 500 27 "https://elostat.com/outcomes" "Mozilla/5.0 (Macintosh; Intel Mac OS X 10_13_0) AppleWebKit/537.36 (KHTML, like Gecko) Chrome/61.0.3163.100 Safari/537.36"
108.162.219.103 - - [11/Oct/2017:13:02:13 -0400] "GET /outcomes/20171004 HTTP/1.1" 500 27 "https://elostat.com/outcomes" "Mozilla/5.0 (Macintosh; Intel Mac OS X 10_13_0) AppleWebKit/537.36 (KHTML, like Gecko) Chrome/61.0.3163.100 Safari/537.36"
108.162.219.103 - - [11/Oct/2017:13:02:26 -0400] "GET /outcomes/20171004 HTTP/1.1" 500 27 "https://elostat.com/outcomes" "Mozilla/5.0 (Macintosh; Intel Mac OS X 10_13_0) AppleWebKit/537.36 (KHTML, like Gecko) Chrome/61.0.3163.100 Safari/537.36"
108.162.219.103 - - [11/Oct/2017:13:02:33 -0400] "GET /outcomes HTTP/1.1" 500 27 "-" "Mozilla/5.0 (Macintosh; Intel Mac OS X 10_13_0) AppleWebKit/537.36 (KHTML, like Gecko) Chrome/61.0.3163.100 Safari/537.36"
108.162.219.103 - - [11/Oct/2017:13:02:43 -0400] "GET /outcomes HTTP/1.1" 500 27 "-" "Mozilla/5.0 (Macintosh; Intel Mac OS X 10_13_0) AppleWebKit/537.36 (KHTML, like Gecko) Chrome/61.0.3163.100 Safari/537.36"
108.162.219.103 - - [11/Oct/2017:13:03:07 -0400] "GET /outcomes HTTP/1.1" 200 696 "-" "Mozilla/5.0 (Macintosh; Intel Mac OS X 10_13_0) AppleWebKit/537.36 (KHTML, like Gecko) Chrome/61.0.3163.100 Safari/537.36"
162.158.63.19 - - [11/Oct/2017:13:03:07 -0400] "GET /media/elostat.png HTTP/1.1" 404 114 "https://elostat.com/outcomes" "Mozilla/5.0 (Macintosh; Intel Mac OS X 10_13_0) AppleWebKit/537.36 (KHTML, like Gecko) Chrome/61.0.3163.100 Safari/537.36"
108.162.219.103 - - [11/Oct/2017:13:03:11 -0400] "GET /outcomes/20171004 HTTP/1.1" 200 579 "https://elostat.com/outcomes" "Mozilla/5.0 (Macintosh; Intel Mac OS X 10_13_0) AppleWebKit/537.36 (KHTML, like Gecko) Chrome/61.0.3163.100 Safari/537.36"
162.158.62.102 - - [11/Oct/2017:13:03:11 -0400] "GET /baseball.png HTTP/1.1" 404 111 "https://elostat.com/outcomes/20171004" "Mozilla/5.0 (Macintosh; Intel Mac OS X 10_13_0) AppleWebKit/537.36 (KHTML, like Gecko) Chrome/61.0.3163.100 Safari/537.36"
108.162.219.31 - - [11/Oct/2017:13:03:11 -0400] "GET /elostat.png HTTP/1.1" 404 110 "https://elostat.com/outcomes/20171004" "Mozilla/5.0 (Macintosh; Intel Mac OS X 10_13_0) AppleWebKit/537.36 (KHTML, like Gecko) Chrome/61.0.3163.100 Safari/537.36"
162.158.62.102 - - [11/Oct/2017:13:03:11 -0400] "GET /baseball.png HTTP/1.1" 404 111 "https://elostat.com/outcomes/20171004" "Mozilla/5.0 (Macintosh; Intel Mac OS X 10_13_0) AppleWebKit/537.36 (KHTML, like Gecko) Chrome/61.0.3163.100 Safari/537.36"
108.162.219.103 - - [11/Oct/2017:13:03:47 -0400] "GET /outcomes/20171004 HTTP/1.1" 200 584 "https://elostat.com/outcomes" "Mozilla/5.0 (Macintosh; Intel Mac OS X 10_13_0) AppleWebKit/537.36 (KHTML, like Gecko) Chrome/61.0.3163.100 Safari/537.36"
162.158.63.19 - - [11/Oct/2017:13:03:47 -0400] "GET /media/elostat.png HTTP/1.1" 404 114 "https://elostat.com/outcomes/20171004" "Mozilla/5.0 (Macintosh; Intel Mac OS X 10_13_0) AppleWebKit/537.36 (KHTML, like Gecko) Chrome/61.0.3163.100 Safari/537.36"
162.158.62.102 - - [11/Oct/2017:13:03:47 -0400] "GET /baseball.png HTTP/1.1" 404 111 "https://elostat.com/outcomes/20171004" "Mozilla/5.0 (Macintosh; Intel Mac OS X 10_13_0) AppleWebKit/537.36 (KHTML, like Gecko) Chrome/61.0.3163.100 Safari/537.36"
162.158.62.102 - - [11/Oct/2017:13:03:48 -0400] "GET /baseball.png HTTP/1.1" 404 111 "https://elostat.com/outcomes/20171004" "Mozilla/5.0 (Macintosh; Intel Mac OS X 10_13_0) AppleWebKit/537.36 (KHTML, like Gecko) Chrome/61.0.3163.100 Safari/537.36"
108.162.219.103 - - [11/Oct/2017:13:05:05 -0400] "GET /outcomes/20171004 HTTP/1.1" 200 583 "https://elostat.com/outcomes" "Mozilla/5.0 (Macintosh; Intel Mac OS X 10_13_0) AppleWebKit/537.36 (KHTML, like Gecko) Chrome/61.0.3163.100 Safari/537.36"
162.158.62.240 - - [11/Oct/2017:13:05:05 -0400] "GET /static/elostat.png HTTP/1.1" 404 209 "https://elostat.com/outcomes/20171004" "Mozilla/5.0 (Macintosh; Intel Mac OS X 10_13_0) AppleWebKit/537.36 (KHTML, like Gecko) Chrome/61.0.3163.100 Safari/537.36"
162.158.62.102 - - [11/Oct/2017:13:05:05 -0400] "GET /baseball.png HTTP/1.1" 404 111 "https://elostat.com/outcomes/20171004" "Mozilla/5.0 (Macintosh; Intel Mac OS X 10_13_0) AppleWebKit/537.36 (KHTML, like Gecko) Chrome/61.0.3163.100 Safari/537.36"
162.158.62.102 - - [11/Oct/2017:13:05:06 -0400] "GET /baseball.png HTTP/1.1" 404 111 "https://elostat.com/outcomes/20171004" "Mozilla/5.0 (Macintosh; Intel Mac OS X 10_13_0) AppleWebKit/537.36 (KHTML, like Gecko) Chrome/61.0.3163.100 Safari/537.36"
108.162.219.103 - - [11/Oct/2017:13:05:17 -0400] "GET /outcomes HTTP/1.1" 200 695 "https://elostat.com/outcomes/20171004" "Mozilla/5.0 (Macintosh; Intel Mac OS X 10_13_0) AppleWebKit/537.36 (KHTML, like Gecko) Chrome/61.0.3163.100 Safari/537.36"
162.158.62.240 - - [11/Oct/2017:13:05:17 -0400] "GET /static/elostat.png HTTP/1.1" 404 209 "https://elostat.com/outcomes" "Mozilla/5.0 (Macintosh; Intel Mac OS X 10_13_0) AppleWebKit/537.36 (KHTML, like Gecko) Chrome/61.0.3163.100 Safari/537.36"
108.162.219.103 - - [11/Oct/2017:13:05:47 -0400] "GET /outcomes HTTP/1.1" 200 695 "https://elostat.com/outcomes/20171004" "Mozilla/5.0 (Macintosh; Intel Mac OS X 10_13_0) AppleWebKit/537.36 (KHTML, like Gecko) Chrome/61.0.3163.100 Safari/537.36"
162.158.62.240 - - [11/Oct/2017:13:05:47 -0400] "GET /static/elostat.png HTTP/1.1" 404 209 "https://elostat.com/outcomes" "Mozilla/5.0 (Macintosh; Intel Mac OS X 10_13_0) AppleWebKit/537.36 (KHTML, like Gecko) Chrome/61.0.3163.100 Safari/537.36"
108.162.219.103 - - [11/Oct/2017:13:05:53 -0400] "GET /outcomes/20171006 HTTP/1.1" 200 665 "https://elostat.com/outcomes" "Mozilla/5.0 (Macintosh; Intel Mac OS X 10_13_0) AppleWebKit/537.36 (KHTML, like Gecko) Chrome/61.0.3163.100 Safari/537.36"
162.158.62.240 - - [11/Oct/2017:13:05:53 -0400] "GET /static/elostat.png HTTP/1.1" 404 209 "https://elostat.com/outcomes/20171006" "Mozilla/5.0 (Macintosh; Intel Mac OS X 10_13_0) AppleWebKit/537.36 (KHTML, like Gecko) Chrome/61.0.3163.100 Safari/537.36"
162.158.62.102 - - [11/Oct/2017:13:05:53 -0400] "GET /baseball.png HTTP/1.1" 404 111 "https://elostat.com/outcomes/20171006" "Mozilla/5.0 (Macintosh; Intel Mac OS X 10_13_0) AppleWebKit/537.36 (KHTML, like Gecko) Chrome/61.0.3163.100 Safari/537.36"
162.158.62.102 - - [11/Oct/2017:13:05:53 -0400] "GET /baseball.png HTTP/1.1" 404 111 "https://elostat.com/outcomes/20171006" "Mozilla/5.0 (Macintosh; Intel Mac OS X 10_13_0) AppleWebKit/537.36 (KHTML, like Gecko) Chrome/61.0.3163.100 Safari/537.36"
